
> @loreweaver/web@0.1.0 test:e2e
> playwright test


Running 42 tests using 16 workers

  Γ£ô   4 [chromium] ΓÇ║ e2e\smoke.spec.ts:11:1 ΓÇ║ onboarding page renders correctly (3.1s)
  Γ£ô   3 [chromium] ΓÇ║ e2e\smoke.spec.ts:11:1 ΓÇ║ onboarding page renders correctly (3.1s)
  Γ£ô  16 [firefox] ΓÇ║ e2e\smoke.spec.ts:11:1 ΓÇ║ onboarding page renders correctly (3.4s)
  Γ£ÿ   1 [chromium] ΓÇ║ e2e\smoke.spec.ts:3:1 ΓÇ║ app loads and shows dashboard with seeded world (5.7s)
  Γ£ÿ   5 [chromium] ΓÇ║ e2e\smoke.spec.ts:49:1 ΓÇ║ chat page shows world and character selectors (5.8s)
  Γ£ÿ   6 [chromium] ΓÇ║ e2e\smoke.spec.ts:49:1 ΓÇ║ chat page shows world and character selectors (5.9s)
  Γ£ÿ  11 [chromium] ΓÇ║ e2e\smoke.spec.ts:60:1 ΓÇ║ lore page shows entries or empty state (5.9s)
  Γ£ÿ   7 [chromium] ΓÇ║ e2e\smoke.spec.ts:69:1 ΓÇ║ chat message list is independently scrollable (5.9s)
  Γ£ÿ   9 [chromium] ΓÇ║ e2e\smoke.spec.ts:69:1 ΓÇ║ chat message list is independently scrollable (5.8s)
  Γ£ÿ   8 [chromium] ΓÇ║ e2e\smoke.spec.ts:60:1 ΓÇ║ lore page shows entries or empty state (5.8s)
  Γ£ÿ  12 [chromium] ΓÇ║ e2e\smoke.spec.ts:3:1 ΓÇ║ app loads and shows dashboard with seeded world (5.9s)
  Γ£ÿ  15 [firefox] ΓÇ║ e2e\smoke.spec.ts:3:1 ΓÇ║ app loads and shows dashboard with seeded world (6.1s)
  Γ£ÿ   2 [chromium] ΓÇ║ e2e\smoke.spec.ts:20:1 ΓÇ║ dashboard displays stat cards (8.1s)
  Γ£ÿ  14 [chromium] ΓÇ║ e2e\smoke.spec.ts:20:1 ΓÇ║ dashboard displays stat cards (8.2s)
  Γ£ÿ  19 [firefox] ΓÇ║ e2e\smoke.spec.ts:49:1 ΓÇ║ chat page shows world and character selectors (5.4s)
  Γ£ô  10 [chromium] ΓÇ║ e2e\smoke.spec.ts:28:1 ΓÇ║ navigation works across main pages (11.1s)
  Γ£ô  13 [chromium] ΓÇ║ e2e\smoke.spec.ts:28:1 ΓÇ║ navigation works across main pages (11.1s)
  Γ£ô  23 [firefox] ΓÇ║ e2e\smoke.spec.ts:11:1 ΓÇ║ onboarding page renders correctly (3.9s)
  Γ£ÿ  18 [firefox] ΓÇ║ e2e\smoke.spec.ts:20:1 ΓÇ║ dashboard displays stat cards (8.5s)
  Γ£ô  30 [webkit] ΓÇ║ e2e\smoke.spec.ts:11:1 ΓÇ║ onboarding page renders correctly (3.9s)
  Γ£ÿ  20 [firefox] ΓÇ║ e2e\smoke.spec.ts:60:1 ΓÇ║ lore page shows entries or empty state (6.1s)
  Γ£ÿ  27 [firefox] ΓÇ║ e2e\smoke.spec.ts:60:1 ΓÇ║ lore page shows entries or empty state (6.2s)
  Γ£ÿ  21 [firefox] ΓÇ║ e2e\smoke.spec.ts:69:1 ΓÇ║ chat message list is independently scrollable (6.2s)
  Γ£ÿ  26 [firefox] ΓÇ║ e2e\smoke.spec.ts:49:1 ΓÇ║ chat page shows world and character selectors (6.4s)
  Γ£ÿ  29 [webkit] ΓÇ║ e2e\smoke.spec.ts:3:1 ΓÇ║ app loads and shows dashboard with seeded world (6.7s)
  Γ£ÿ  28 [firefox] ΓÇ║ e2e\smoke.spec.ts:69:1 ΓÇ║ chat message list is independently scrollable (6.4s)
  Γ£ÿ  25 [firefox] ΓÇ║ e2e\smoke.spec.ts:20:1 ΓÇ║ dashboard displays stat cards (8.7s)
  Γ£ÿ  22 [firefox] ΓÇ║ e2e\smoke.spec.ts:3:1 ΓÇ║ app loads and shows dashboard with seeded world (6.5s)
  Γ£ô  17 [firefox] ΓÇ║ e2e\smoke.spec.ts:28:1 ΓÇ║ navigation works across main pages (12.6s)
  Γ£ô  37 [webkit] ΓÇ║ e2e\smoke.spec.ts:11:1 ΓÇ║ onboarding page renders correctly (4.0s)
  Γ£ÿ  33 [webkit] ΓÇ║ e2e\smoke.spec.ts:49:1 ΓÇ║ chat page shows world and character selectors (6.6s)
  Γ£ÿ  34 [webkit] ΓÇ║ e2e\smoke.spec.ts:60:1 ΓÇ║ lore page shows entries or empty state (6.4s)
  Γ£ÿ  35 [webkit] ΓÇ║ e2e\smoke.spec.ts:3:1 ΓÇ║ app loads and shows dashboard with seeded world (6.3s)
  Γ£ÿ  31 [webkit] ΓÇ║ e2e\smoke.spec.ts:20:1 ΓÇ║ dashboard displays stat cards (8.9s)
  Γ£ÿ  36 [webkit] ΓÇ║ e2e\smoke.spec.ts:69:1 ΓÇ║ chat message list is independently scrollable (6.6s)
  Γ£ô  24 [firefox] ΓÇ║ e2e\smoke.spec.ts:28:1 ΓÇ║ navigation works across main pages (12.2s)
  Γ£ÿ  40 [webkit] ΓÇ║ e2e\smoke.spec.ts:49:1 ΓÇ║ chat page shows world and character selectors (6.6s)
  Γ£ÿ  42 [webkit] ΓÇ║ e2e\smoke.spec.ts:69:1 ΓÇ║ chat message list is independently scrollable (6.5s)
  Γ£ÿ  38 [webkit] ΓÇ║ e2e\smoke.spec.ts:20:1 ΓÇ║ dashboard displays stat cards (9.0s)
  Γ£ô  32 [webkit] ΓÇ║ e2e\smoke.spec.ts:28:1 ΓÇ║ navigation works across main pages (12.4s)
  Γ£ô  39 [webkit] ΓÇ║ e2e\smoke.spec.ts:28:1 ΓÇ║ navigation works across main pages (12.2s)
