
> @loreweaver/web@0.1.0 test:e2e
> playwright test


Running 42 tests using 16 workers

  Γ£ô   4 [chromium] ΓÇ║ e2e\smoke.spec.ts:11:1 ΓÇ║ onboarding page renders correctly (3.2s)
  Γ£ô   9 [chromium] ΓÇ║ e2e\smoke.spec.ts:11:1 ΓÇ║ onboarding page renders correctly (3.3s)
  Γ£ô  16 [firefox] ΓÇ║ e2e\smoke.spec.ts:11:1 ΓÇ║ onboarding page renders correctly (3.8s)
  Γ£ÿ   1 [chromium] ΓÇ║ e2e\smoke.spec.ts:3:1 ΓÇ║ app loads and shows dashboard with seeded world (5.8s)
  Γ£ÿ   2 [chromium] ΓÇ║ e2e\smoke.spec.ts:60:1 ΓÇ║ lore page shows entries or empty state (5.9s)
  Γ£ÿ   7 [chromium] ΓÇ║ e2e\smoke.spec.ts:49:1 ΓÇ║ chat page shows world and character selectors (5.9s)
  Γ£ÿ   5 [chromium] ΓÇ║ e2e\smoke.spec.ts:3:1 ΓÇ║ app loads and shows dashboard with seeded world (5.9s)
  Γ£ÿ   6 [chromium] ΓÇ║ e2e\smoke.spec.ts:49:1 ΓÇ║ chat page shows world and character selectors (5.9s)
  Γ£ÿ  11 [chromium] ΓÇ║ e2e\smoke.spec.ts:69:1 ΓÇ║ chat message list is independently scrollable (6.0s)
  Γ£ÿ  13 [chromium] ΓÇ║ e2e\smoke.spec.ts:60:1 ΓÇ║ lore page shows entries or empty state (5.9s)
  Γ£ÿ  14 [chromium] ΓÇ║ e2e\smoke.spec.ts:69:1 ΓÇ║ chat message list is independently scrollable (5.9s)
  Γ£ÿ  15 [firefox] ΓÇ║ e2e\smoke.spec.ts:3:1 ΓÇ║ app loads and shows dashboard with seeded world (6.1s)
  Γ£ÿ   3 [chromium] ΓÇ║ e2e\smoke.spec.ts:20:1 ΓÇ║ dashboard displays stat cards (8.3s)
  Γ£ÿ   8 [chromium] ΓÇ║ e2e\smoke.spec.ts:20:1 ΓÇ║ dashboard displays stat cards (8.3s)
  Γ£ÿ  19 [firefox] ΓÇ║ e2e\smoke.spec.ts:49:1 ΓÇ║ chat page shows world and character selectors (5.5s)
  Γ£ô  10 [chromium] ΓÇ║ e2e\smoke.spec.ts:28:1 ΓÇ║ navigation works across main pages (11.2s)
  Γ£ô  12 [chromium] ΓÇ║ e2e\smoke.spec.ts:28:1 ΓÇ║ navigation works across main pages (11.2s)
  Γ£ÿ  17 [firefox] ΓÇ║ e2e\smoke.spec.ts:20:1 ΓÇ║ dashboard displays stat cards (8.6s)
  Γ£ô  23 [firefox] ΓÇ║ e2e\smoke.spec.ts:11:1 ΓÇ║ onboarding page renders correctly (4.3s)
  Γ£ô  30 [webkit] ΓÇ║ e2e\smoke.spec.ts:11:1 ΓÇ║ onboarding page renders correctly (4.0s)
  Γ£ÿ  20 [firefox] ΓÇ║ e2e\smoke.spec.ts:60:1 ΓÇ║ lore page shows entries or empty state (6.3s)
  Γ£ÿ  22 [firefox] ΓÇ║ e2e\smoke.spec.ts:3:1 ΓÇ║ app loads and shows dashboard with seeded world (6.5s)
  Γ£ÿ  27 [firefox] ΓÇ║ e2e\smoke.spec.ts:60:1 ΓÇ║ lore page shows entries or empty state (6.6s)
  Γ£ÿ  29 [webkit] ΓÇ║ e2e\smoke.spec.ts:3:1 ΓÇ║ app loads and shows dashboard with seeded world (6.7s)
  Γ£ÿ  26 [firefox] ΓÇ║ e2e\smoke.spec.ts:49:1 ΓÇ║ chat page shows world and character selectors (6.7s)
  Γ£ô  18 [firefox] ΓÇ║ e2e\smoke.spec.ts:28:1 ΓÇ║ navigation works across main pages (12.4s)
  Γ£ÿ  21 [firefox] ΓÇ║ e2e\smoke.spec.ts:69:1 ΓÇ║ chat message list is independently scrollable (6.9s)
  Γ£ÿ  25 [firefox] ΓÇ║ e2e\smoke.spec.ts:20:1 ΓÇ║ dashboard displays stat cards (9.1s)
  Γ£ÿ  28 [firefox] ΓÇ║ e2e\smoke.spec.ts:69:1 ΓÇ║ chat message list is independently scrollable (6.6s)
  Γ£ô  36 [webkit] ΓÇ║ e2e\smoke.spec.ts:11:1 ΓÇ║ onboarding page renders correctly (4.0s)
  Γ£ÿ  33 [webkit] ΓÇ║ e2e\smoke.spec.ts:49:1 ΓÇ║ chat page shows world and character selectors (6.4s)
  Γ£ô  24 [firefox] ΓÇ║ e2e\smoke.spec.ts:28:1 ΓÇ║ navigation works across main pages (11.8s)
  Γ£ÿ  34 [webkit] ΓÇ║ e2e\smoke.spec.ts:3:1 ΓÇ║ app loads and shows dashboard with seeded world (6.6s)
  Γ£ÿ  31 [webkit] ΓÇ║ e2e\smoke.spec.ts:20:1 ΓÇ║ dashboard displays stat cards (9.0s)
  Γ£ÿ  35 [webkit] ΓÇ║ e2e\smoke.spec.ts:60:1 ΓÇ║ lore page shows entries or empty state (6.6s)
  Γ£ÿ  37 [webkit] ΓÇ║ e2e\smoke.spec.ts:69:1 ΓÇ║ chat message list is independently scrollable (6.5s)
  Γ£ÿ  40 [webkit] ΓÇ║ e2e\smoke.spec.ts:49:1 ΓÇ║ chat page shows world and character selectors (6.6s)
  Γ£ÿ  41 [webkit] ΓÇ║ e2e\smoke.spec.ts:60:1 ΓÇ║ lore page shows entries or empty state (6.6s)
  Γ£ÿ  42 [webkit] ΓÇ║ e2e\smoke.spec.ts:69:1 ΓÇ║ chat message list is independently scrollable (6.3s)
  Γ£ÿ  38 [webkit] ΓÇ║ e2e\smoke.spec.ts:20:1 ΓÇ║ dashboard displays stat cards (9.1s)
  Γ£ô  32 [webkit] ΓÇ║ e2e\smoke.spec.ts:28:1 ΓÇ║ navigation works across main pages (12.5s)
  Γ£ô  39 [webkit] ΓÇ║ e2e\smoke.spec.ts:28:1 ΓÇ║ navigation works across main pages (12.5s)


  1) [chromium] ΓÇ║ e2e\smoke.spec.ts:3:1 ΓÇ║ app loads and shows dashboard with seeded world ΓöÇΓöÇΓöÇΓöÇΓöÇΓöÇΓöÇΓöÇΓöÇΓöÇ

    Error: [2mexpect([22m[31mlocator[39m[2m).[22mtoBeVisible[2m([22m[2m)[22m failed

    Locator: getByText('ARCHIVE OVERVIEW')
    Expected: visible
    Timeout: 5000ms
    Error: element(s) not found

    Call log:
    [2m  - Expect "toBeVisible" with timeout 5000ms[22m
    [2m  - waiting for getByText('ARCHIVE OVERVIEW')[22m


       5 |   await expect(page).toHaveTitle(/Loreweaver/);
       6 |   // Dashboard now shows world name as main heading
    >  7 |   await expect(page.getByText('ARCHIVE OVERVIEW')).toBeVisible();
         |                                                    ^
       8 |   await expect(page.getByText('Wasteland Ruins').first()).toBeVisible();
       9 | });
      10 |
        at C:\Users\Sean\Documents\loreweaver\apps\web\e2e\smoke.spec.ts:7:52

    attachment #1: screenshot (image/png) ΓöÇΓöÇΓöÇΓöÇΓöÇΓöÇΓöÇΓöÇΓöÇΓöÇΓöÇΓöÇΓöÇΓöÇΓöÇΓöÇΓöÇΓöÇΓöÇΓöÇΓöÇΓöÇΓöÇΓöÇΓöÇΓöÇΓöÇΓöÇΓöÇΓöÇΓöÇΓöÇΓöÇΓöÇΓöÇΓöÇΓöÇΓöÇΓöÇΓöÇΓöÇΓöÇΓöÇΓöÇΓöÇΓöÇΓöÇΓöÇΓöÇΓöÇΓöÇΓöÇΓöÇΓöÇΓöÇΓöÇΓöÇΓöÇ
    test-results\smoke-app-loads-and-shows-dashboard-with-seeded-world-chromium\test-failed-1.png
    ΓöÇΓöÇΓöÇΓöÇΓöÇΓöÇΓöÇΓöÇΓöÇΓöÇΓöÇΓöÇΓöÇΓöÇΓöÇΓöÇΓöÇΓöÇΓöÇΓöÇΓöÇΓöÇΓöÇΓöÇΓöÇΓöÇΓöÇΓöÇΓöÇΓöÇΓöÇΓöÇΓöÇΓöÇΓöÇΓöÇΓöÇΓöÇΓöÇΓöÇΓöÇΓöÇΓöÇΓöÇΓöÇΓöÇΓöÇΓöÇΓöÇΓöÇΓöÇΓöÇΓöÇΓöÇΓöÇΓöÇΓöÇΓöÇΓöÇΓöÇΓöÇΓöÇΓöÇΓöÇΓöÇΓöÇΓöÇΓöÇΓöÇΓöÇΓöÇΓöÇΓöÇΓöÇΓöÇΓöÇΓöÇΓöÇΓöÇΓöÇΓöÇΓöÇΓöÇΓöÇΓöÇΓöÇΓöÇΓöÇΓöÇΓöÇΓöÇΓöÇΓöÇΓöÇΓöÇΓöÇ

    Error Context: test-results\smoke-app-loads-and-shows-dashboard-with-seeded-world-chromium\error-context.md

  2) [chromium] ΓÇ║ e2e\smoke.spec.ts:20:1 ΓÇ║ dashboard displays stat cards ΓöÇΓöÇΓöÇΓöÇΓöÇΓöÇΓöÇΓöÇΓöÇΓöÇΓöÇΓöÇΓöÇΓöÇΓöÇΓöÇΓöÇΓöÇΓöÇΓöÇΓöÇΓöÇΓöÇΓöÇΓöÇΓöÇΓöÇ

    Error: [2mexpect([22m[31mlocator[39m[2m).[22mtoBeVisible[2m([22m[2m)[22m failed

    Locator: getByText('Lore Entries').first()
    Expected: visible
    Timeout: 5000ms
    Error: element(s) not found

    Call log:
    [2m  - Expect "toBeVisible" with timeout 5000ms[22m
    [2m  - waiting for getByText('Lore Entries').first()[22m


      22 |   // Verify the 4 chronicle tile labels exist (use first() to avoid sidebar conflicts)
      23 |   await expect(page.getByText('Characters').first()).toBeVisible();
    > 24 |   await expect(page.getByText('Lore Entries').first()).toBeVisible();
         |                                                        ^
      25 |   await expect(page.getByText('Timeline Events').first()).toBeVisible();
      26 | });
      27 |
        at C:\Users\Sean\Documents\loreweaver\apps\web\e2e\smoke.spec.ts:24:56

    attachment #1: screenshot (image/png) ΓöÇΓöÇΓöÇΓöÇΓöÇΓöÇΓöÇΓöÇΓöÇΓöÇΓöÇΓöÇΓöÇΓöÇΓöÇΓöÇΓöÇΓöÇΓöÇΓöÇΓöÇΓöÇΓöÇΓöÇΓöÇΓöÇΓöÇΓöÇΓöÇΓöÇΓöÇΓöÇΓöÇΓöÇΓöÇΓöÇΓöÇΓöÇΓöÇΓöÇΓöÇΓöÇΓöÇΓöÇΓöÇΓöÇΓöÇΓöÇΓöÇΓöÇΓöÇΓöÇΓöÇΓöÇΓöÇΓöÇΓöÇΓöÇ
    test-results\smoke-dashboard-displays-stat-cards-chromium\test-failed-1.png
    ΓöÇΓöÇΓöÇΓöÇΓöÇΓöÇΓöÇΓöÇΓöÇΓöÇΓöÇΓöÇΓöÇΓöÇΓöÇΓöÇΓöÇΓöÇΓöÇΓöÇΓöÇΓöÇΓöÇΓöÇΓöÇΓöÇΓöÇΓöÇΓöÇΓöÇΓöÇΓöÇΓöÇΓöÇΓöÇΓöÇΓöÇΓöÇΓöÇΓöÇΓöÇΓöÇΓöÇΓöÇΓöÇΓöÇΓöÇΓöÇΓöÇΓöÇΓöÇΓöÇΓöÇΓöÇΓöÇΓöÇΓöÇΓöÇΓöÇΓöÇΓöÇΓöÇΓöÇΓöÇΓöÇΓöÇΓöÇΓöÇΓöÇΓöÇΓöÇΓöÇΓöÇΓöÇΓöÇΓöÇΓöÇΓöÇΓöÇΓöÇΓöÇΓöÇΓöÇΓöÇΓöÇΓöÇΓöÇΓöÇΓöÇΓöÇΓöÇΓöÇΓöÇΓöÇΓöÇΓöÇ

    Error Context: test-results\smoke-dashboard-displays-stat-cards-chromium\error-context.md

  3) [chromium] ΓÇ║ e2e\smoke.spec.ts:49:1 ΓÇ║ chat page shows world and character selectors ΓöÇΓöÇΓöÇΓöÇΓöÇΓöÇΓöÇΓöÇΓöÇΓöÇΓöÇ

    Error: [2mexpect([22m[31mlocator[39m[2m).[22mtoBeVisible[2m([22m[2m)[22m failed

    Locator: getByText('DIALOGUE')
    Expected: visible
    Timeout: 5000ms
    Error: element(s) not found

    Call log:
    [2m  - Expect "toBeVisible" with timeout 5000ms[22m
    [2m  - waiting for getByText('DIALOGUE')[22m


      49 | test('chat page shows world and character selectors', async ({ page }) => {
      50 |   await page.goto('/chat');
    > 51 |   await expect(page.getByText('DIALOGUE')).toBeVisible();
         |                                            ^
      52 |   // World selector is always visible; character selector appears after world selection
      53 |   await expect(page.locator('select')).toHaveCount(1);
      54 |   // Wait for options to load, then select the seeded world (id=2)
        at C:\Users\Sean\Documents\loreweaver\apps\web\e2e\smoke.spec.ts:51:44

    attachment #1: screenshot (image/png) ΓöÇΓöÇΓöÇΓöÇΓöÇΓöÇΓöÇΓöÇΓöÇΓöÇΓöÇΓöÇΓöÇΓöÇΓöÇΓöÇΓöÇΓöÇΓöÇΓöÇΓöÇΓöÇΓöÇΓöÇΓöÇΓöÇΓöÇΓöÇΓöÇΓöÇΓöÇΓöÇΓöÇΓöÇΓöÇΓöÇΓöÇΓöÇΓöÇΓöÇΓöÇΓöÇΓöÇΓöÇΓöÇΓöÇΓöÇΓöÇΓöÇΓöÇΓöÇΓöÇΓöÇΓöÇΓöÇΓöÇΓöÇΓöÇ
    test-results\smoke-chat-page-shows-world-and-character-selectors-chromium\test-failed-1.png
    ΓöÇΓöÇΓöÇΓöÇΓöÇΓöÇΓöÇΓöÇΓöÇΓöÇΓöÇΓöÇΓöÇΓöÇΓöÇΓöÇΓöÇΓöÇΓöÇΓöÇΓöÇΓöÇΓöÇΓöÇΓöÇΓöÇΓöÇΓöÇΓöÇΓöÇΓöÇΓöÇΓöÇΓöÇΓöÇΓöÇΓöÇΓöÇΓöÇΓöÇΓöÇΓöÇΓöÇΓöÇΓöÇΓöÇΓöÇΓöÇΓöÇΓöÇΓöÇΓöÇΓöÇΓöÇΓöÇΓöÇΓöÇΓöÇΓöÇΓöÇΓöÇΓöÇΓöÇΓöÇΓöÇΓöÇΓöÇΓöÇΓöÇΓöÇΓöÇΓöÇΓöÇΓöÇΓöÇΓöÇΓöÇΓöÇΓöÇΓöÇΓöÇΓöÇΓöÇΓöÇΓöÇΓöÇΓöÇΓöÇΓöÇΓöÇΓöÇΓöÇΓöÇΓöÇΓöÇΓöÇ

    Error Context: test-results\smoke-chat-page-shows-world-and-character-selectors-chromium\error-context.md

  4) [chromium] ΓÇ║ e2e\smoke.spec.ts:60:1 ΓÇ║ lore page shows entries or empty state ΓöÇΓöÇΓöÇΓöÇΓöÇΓöÇΓöÇΓöÇΓöÇΓöÇΓöÇΓöÇΓöÇΓöÇΓöÇΓöÇΓöÇΓöÇ

    Error: [2mexpect([22m[31mlocator[39m[2m).[22mtoBeVisible[2m([22m[2m)[22m failed

    Locator: getByText('CODEX')
    Expected: visible
    Timeout: 5000ms
    Error: element(s) not found

    Call log:
    [2m  - Expect "toBeVisible" with timeout 5000ms[22m
    [2m  - waiting for getByText('CODEX')[22m


      60 | test('lore page shows entries or empty state', async ({ page }) => {
      61 |   await page.goto('/lore');
    > 62 |   await expect(page.getByText('CODEX')).toBeVisible();
         |                                         ^
      63 |   const noEntries = await page.getByText('The codex is empty').count();
      64 |   if (noEntries > 0) {
      65 |     await expect(page.getByText('The codex is empty')).toBeVisible();
        at C:\Users\Sean\Documents\loreweaver\apps\web\e2e\smoke.spec.ts:62:41

    attachment #1: screenshot (image/png) ΓöÇΓöÇΓöÇΓöÇΓöÇΓöÇΓöÇΓöÇΓöÇΓöÇΓöÇΓöÇΓöÇΓöÇΓöÇΓöÇΓöÇΓöÇΓöÇΓöÇΓöÇΓöÇΓöÇΓöÇΓöÇΓöÇΓöÇΓöÇΓöÇΓöÇΓöÇΓöÇΓöÇΓöÇΓöÇΓöÇΓöÇΓöÇΓöÇΓöÇΓöÇΓöÇΓöÇΓöÇΓöÇΓöÇΓöÇΓöÇΓöÇΓöÇΓöÇΓöÇΓöÇΓöÇΓöÇΓöÇΓöÇΓöÇ
    test-results\smoke-lore-page-shows-entries-or-empty-state-chromium\test-failed-1.png
    ΓöÇΓöÇΓöÇΓöÇΓöÇΓöÇΓöÇΓöÇΓöÇΓöÇΓöÇΓöÇΓöÇΓöÇΓöÇΓöÇΓöÇΓöÇΓöÇΓöÇΓöÇΓöÇΓöÇΓöÇΓöÇΓöÇΓöÇΓöÇΓöÇΓöÇΓöÇΓöÇΓöÇΓöÇΓöÇΓöÇΓöÇΓöÇΓöÇΓöÇΓöÇΓöÇΓöÇΓöÇΓöÇΓöÇΓöÇΓöÇΓöÇΓöÇΓöÇΓöÇΓöÇΓöÇΓöÇΓöÇΓöÇΓöÇΓöÇΓöÇΓöÇΓöÇΓöÇΓöÇΓöÇΓöÇΓöÇΓöÇΓöÇΓöÇΓöÇΓöÇΓöÇΓöÇΓöÇΓöÇΓöÇΓöÇΓöÇΓöÇΓöÇΓöÇΓöÇΓöÇΓöÇΓöÇΓöÇΓöÇΓöÇΓöÇΓöÇΓöÇΓöÇΓöÇΓöÇΓöÇ

    Error Context: test-results\smoke-lore-page-shows-entries-or-empty-state-chromium\error-context.md

  5) [chromium] ΓÇ║ e2e\smoke.spec.ts:69:1 ΓÇ║ chat message list is independently scrollable ΓöÇΓöÇΓöÇΓöÇΓöÇΓöÇΓöÇΓöÇΓöÇΓöÇΓöÇ

    Error: [2mexpect([22m[31mlocator[39m[2m).[22mtoBeVisible[2m([22m[2m)[22m failed

    Locator: getByText('DIALOGUE')
    Expected: visible
    Timeout: 5000ms
    Error: element(s) not found

    Call log:
    [2m  - Expect "toBeVisible" with timeout 5000ms[22m
    [2m  - waiting for getByText('DIALOGUE')[22m


      70 |   // Navigate directly to a character that already has chat history
      71 |   await page.goto('/chat?worldId=2&characterId=3');
    > 72 |   await expect(page.getByText('DIALOGUE')).toBeVisible();
         |                                            ^
      73 |   await expect(page.getByRole('heading', { name: 'Ryder' })).toBeVisible();
      74 |
      75 |   // The message list is the first flex-1 + min-h-0 + overflow-y-auto div inside the chat card
        at C:\Users\Sean\Documents\loreweaver\apps\web\e2e\smoke.spec.ts:72:44

    attachment #1: screenshot (image/png) ΓöÇΓöÇΓöÇΓöÇΓöÇΓöÇΓöÇΓöÇΓöÇΓöÇΓöÇΓöÇΓöÇΓöÇΓöÇΓöÇΓöÇΓöÇΓöÇΓöÇΓöÇΓöÇΓöÇΓöÇΓöÇΓöÇΓöÇΓöÇΓöÇΓöÇΓöÇΓöÇΓöÇΓöÇΓöÇΓöÇΓöÇΓöÇΓöÇΓöÇΓöÇΓöÇΓöÇΓöÇΓöÇΓöÇΓöÇΓöÇΓöÇΓöÇΓöÇΓöÇΓöÇΓöÇΓöÇΓöÇΓöÇΓöÇ
    test-results\smoke-chat-message-list-is-independently-scrollable-chromium\test-failed-1.png
    ΓöÇΓöÇΓöÇΓöÇΓöÇΓöÇΓöÇΓöÇΓöÇΓöÇΓöÇΓöÇΓöÇΓöÇΓöÇΓöÇΓöÇΓöÇΓöÇΓöÇΓöÇΓöÇΓöÇΓöÇΓöÇΓöÇΓöÇΓöÇΓöÇΓöÇΓöÇΓöÇΓöÇΓöÇΓöÇΓöÇΓöÇΓöÇΓöÇΓöÇΓöÇΓöÇΓöÇΓöÇΓöÇΓöÇΓöÇΓöÇΓöÇΓöÇΓöÇΓöÇΓöÇΓöÇΓöÇΓöÇΓöÇΓöÇΓöÇΓöÇΓöÇΓöÇΓöÇΓöÇΓöÇΓöÇΓöÇΓöÇΓöÇΓöÇΓöÇΓöÇΓöÇΓöÇΓöÇΓöÇΓöÇΓöÇΓöÇΓöÇΓöÇΓöÇΓöÇΓöÇΓöÇΓöÇΓöÇΓöÇΓöÇΓöÇΓöÇΓöÇΓöÇΓöÇΓöÇΓöÇ

    Error Context: test-results\smoke-chat-message-list-is-independently-scrollable-chromium\error-context.md

  6) [chromium] ΓÇ║ e2e\smoke.spec.ts:3:1 ΓÇ║ app loads and shows dashboard with seeded world ΓöÇΓöÇΓöÇΓöÇΓöÇΓöÇΓöÇΓöÇΓöÇΓöÇ

    Error: [2mexpect([22m[31mlocator[39m[2m).[22mtoBeVisible[2m([22m[2m)[22m failed

    Locator: getByText('ARCHIVE OVERVIEW')
    Expected: visible
    Timeout: 5000ms
    Error: element(s) not found

    Call log:
    [2m  - Expect "toBeVisible" with timeout 5000ms[22m
    [2m  - waiting for getByText('ARCHIVE OVERVIEW')[22m


       5 |   await expect(page).toHaveTitle(/Loreweaver/);
       6 |   // Dashboard now shows world name as main heading
    >  7 |   await expect(page.getByText('ARCHIVE OVERVIEW')).toBeVisible();
         |                                                    ^
       8 |   await expect(page.getByText('Wasteland Ruins').first()).toBeVisible();
       9 | });
      10 |
        at C:\Users\Sean\Documents\loreweaver\apps\web\e2e\smoke.spec.ts:7:52

    attachment #1: screenshot (image/png) ΓöÇΓöÇΓöÇΓöÇΓöÇΓöÇΓöÇΓöÇΓöÇΓöÇΓöÇΓöÇΓöÇΓöÇΓöÇΓöÇΓöÇΓöÇΓöÇΓöÇΓöÇΓöÇΓöÇΓöÇΓöÇΓöÇΓöÇΓöÇΓöÇΓöÇΓöÇΓöÇΓöÇΓöÇΓöÇΓöÇΓöÇΓöÇΓöÇΓöÇΓöÇΓöÇΓöÇΓöÇΓöÇΓöÇΓöÇΓöÇΓöÇΓöÇΓöÇΓöÇΓöÇΓöÇΓöÇΓöÇΓöÇΓöÇ
    test-results\smoke-app-loads-and-shows-dashboard-with-seeded-world-chromium\test-failed-1.png
    ΓöÇΓöÇΓöÇΓöÇΓöÇΓöÇΓöÇΓöÇΓöÇΓöÇΓöÇΓöÇΓöÇΓöÇΓöÇΓöÇΓöÇΓöÇΓöÇΓöÇΓöÇΓöÇΓöÇΓöÇΓöÇΓöÇΓöÇΓöÇΓöÇΓöÇΓöÇΓöÇΓöÇΓöÇΓöÇΓöÇΓöÇΓöÇΓöÇΓöÇΓöÇΓöÇΓöÇΓöÇΓöÇΓöÇΓöÇΓöÇΓöÇΓöÇΓöÇΓöÇΓöÇΓöÇΓöÇΓöÇΓöÇΓöÇΓöÇΓöÇΓöÇΓöÇΓöÇΓöÇΓöÇΓöÇΓöÇΓöÇΓöÇΓöÇΓöÇΓöÇΓöÇΓöÇΓöÇΓöÇΓöÇΓöÇΓöÇΓöÇΓöÇΓöÇΓöÇΓöÇΓöÇΓöÇΓöÇΓöÇΓöÇΓöÇΓöÇΓöÇΓöÇΓöÇΓöÇΓöÇ

    Error Context: test-results\smoke-app-loads-and-shows-dashboard-with-seeded-world-chromium\error-context.md

  7) [chromium] ΓÇ║ e2e\smoke.spec.ts:20:1 ΓÇ║ dashboard displays stat cards ΓöÇΓöÇΓöÇΓöÇΓöÇΓöÇΓöÇΓöÇΓöÇΓöÇΓöÇΓöÇΓöÇΓöÇΓöÇΓöÇΓöÇΓöÇΓöÇΓöÇΓöÇΓöÇΓöÇΓöÇΓöÇΓöÇΓöÇ

    Error: [2mexpect([22m[31mlocator[39m[2m).[22mtoBeVisible[2m([22m[2m)[22m failed

    Locator: getByText('Lore Entries').first()
    Expected: visible
    Timeout: 5000ms
    Error: element(s) not found

    Call log:
    [2m  - Expect "toBeVisible" with timeout 5000ms[22m
    [2m  - waiting for getByText('Lore Entries').first()[22m


      22 |   // Verify the 4 chronicle tile labels exist (use first() to avoid sidebar conflicts)
      23 |   await expect(page.getByText('Characters').first()).toBeVisible();
    > 24 |   await expect(page.getByText('Lore Entries').first()).toBeVisible();
         |                                                        ^
      25 |   await expect(page.getByText('Timeline Events').first()).toBeVisible();
      26 | });
      27 |
        at C:\Users\Sean\Documents\loreweaver\apps\web\e2e\smoke.spec.ts:24:56

    attachment #1: screenshot (image/png) ΓöÇΓöÇΓöÇΓöÇΓöÇΓöÇΓöÇΓöÇΓöÇΓöÇΓöÇΓöÇΓöÇΓöÇΓöÇΓöÇΓöÇΓöÇΓöÇΓöÇΓöÇΓöÇΓöÇΓöÇΓöÇΓöÇΓöÇΓöÇΓöÇΓöÇΓöÇΓöÇΓöÇΓöÇΓöÇΓöÇΓöÇΓöÇΓöÇΓöÇΓöÇΓöÇΓöÇΓöÇΓöÇΓöÇΓöÇΓöÇΓöÇΓöÇΓöÇΓöÇΓöÇΓöÇΓöÇΓöÇΓöÇΓöÇ
    test-results\smoke-dashboard-displays-stat-cards-chromium\test-failed-1.png
    ΓöÇΓöÇΓöÇΓöÇΓöÇΓöÇΓöÇΓöÇΓöÇΓöÇΓöÇΓöÇΓöÇΓöÇΓöÇΓöÇΓöÇΓöÇΓöÇΓöÇΓöÇΓöÇΓöÇΓöÇΓöÇΓöÇΓöÇΓöÇΓöÇΓöÇΓöÇΓöÇΓöÇΓöÇΓöÇΓöÇΓöÇΓöÇΓöÇΓöÇΓöÇΓöÇΓöÇΓöÇΓöÇΓöÇΓöÇΓöÇΓöÇΓöÇΓöÇΓöÇΓöÇΓöÇΓöÇΓöÇΓöÇΓöÇΓöÇΓöÇΓöÇΓöÇΓöÇΓöÇΓöÇΓöÇΓöÇΓöÇΓöÇΓöÇΓöÇΓöÇΓöÇΓöÇΓöÇΓöÇΓöÇΓöÇΓöÇΓöÇΓöÇΓöÇΓöÇΓöÇΓöÇΓöÇΓöÇΓöÇΓöÇΓöÇΓöÇΓöÇΓöÇΓöÇΓöÇΓöÇ

    Error Context: test-results\smoke-dashboard-displays-stat-cards-chromium\error-context.md

  8) [chromium] ΓÇ║ e2e\smoke.spec.ts:49:1 ΓÇ║ chat page shows world and character selectors ΓöÇΓöÇΓöÇΓöÇΓöÇΓöÇΓöÇΓöÇΓöÇΓöÇΓöÇ

    Error: [2mexpect([22m[31mlocator[39m[2m).[22mtoBeVisible[2m([22m[2m)[22m failed

    Locator: getByText('DIALOGUE')
    Expected: visible
    Timeout: 5000ms
    Error: element(s) not found

    Call log:
    [2m  - Expect "toBeVisible" with timeout 5000ms[22m
    [2m  - waiting for getByText('DIALOGUE')[22m


      49 | test('chat page shows world and character selectors', async ({ page }) => {
      50 |   await page.goto('/chat');
    > 51 |   await expect(page.getByText('DIALOGUE')).toBeVisible();
         |                                            ^
      52 |   // World selector is always visible; character selector appears after world selection
      53 |   await expect(page.locator('select')).toHaveCount(1);
      54 |   // Wait for options to load, then select the seeded world (id=2)
        at C:\Users\Sean\Documents\loreweaver\apps\web\e2e\smoke.spec.ts:51:44

    attachment #1: screenshot (image/png) ΓöÇΓöÇΓöÇΓöÇΓöÇΓöÇΓöÇΓöÇΓöÇΓöÇΓöÇΓöÇΓöÇΓöÇΓöÇΓöÇΓöÇΓöÇΓöÇΓöÇΓöÇΓöÇΓöÇΓöÇΓöÇΓöÇΓöÇΓöÇΓöÇΓöÇΓöÇΓöÇΓöÇΓöÇΓöÇΓöÇΓöÇΓöÇΓöÇΓöÇΓöÇΓöÇΓöÇΓöÇΓöÇΓöÇΓöÇΓöÇΓöÇΓöÇΓöÇΓöÇΓöÇΓöÇΓöÇΓöÇΓöÇΓöÇ
    test-results\smoke-chat-page-shows-world-and-character-selectors-chromium\test-failed-1.png
    ΓöÇΓöÇΓöÇΓöÇΓöÇΓöÇΓöÇΓöÇΓöÇΓöÇΓöÇΓöÇΓöÇΓöÇΓöÇΓöÇΓöÇΓöÇΓöÇΓöÇΓöÇΓöÇΓöÇΓöÇΓöÇΓöÇΓöÇΓöÇΓöÇΓöÇΓöÇΓöÇΓöÇΓöÇΓöÇΓöÇΓöÇΓöÇΓöÇΓöÇΓöÇΓöÇΓöÇΓöÇΓöÇΓöÇΓöÇΓöÇΓöÇΓöÇΓöÇΓöÇΓöÇΓöÇΓöÇΓöÇΓöÇΓöÇΓöÇΓöÇΓöÇΓöÇΓöÇΓöÇΓöÇΓöÇΓöÇΓöÇΓöÇΓöÇΓöÇΓöÇΓöÇΓöÇΓöÇΓöÇΓöÇΓöÇΓöÇΓöÇΓöÇΓöÇΓöÇΓöÇΓöÇΓöÇΓöÇΓöÇΓöÇΓöÇΓöÇΓöÇΓöÇΓöÇΓöÇΓöÇ

    Error Context: test-results\smoke-chat-page-shows-world-and-character-selectors-chromium\error-context.md

  9) [chromium] ΓÇ║ e2e\smoke.spec.ts:60:1 ΓÇ║ lore page shows entries or empty state ΓöÇΓöÇΓöÇΓöÇΓöÇΓöÇΓöÇΓöÇΓöÇΓöÇΓöÇΓöÇΓöÇΓöÇΓöÇΓöÇΓöÇΓöÇ

    Error: [2mexpect([22m[31mlocator[39m[2m).[22mtoBeVisible[2m([22m[2m)[22m failed

    Locator: getByText('CODEX')
    Expected: visible
    Timeout: 5000ms
    Error: element(s) not found

    Call log:
    [2m  - Expect "toBeVisible" with timeout 5000ms[22m
    [2m  - waiting for getByText('CODEX')[22m


      60 | test('lore page shows entries or empty state', async ({ page }) => {
      61 |   await page.goto('/lore');
    > 62 |   await expect(page.getByText('CODEX')).toBeVisible();
         |                                         ^
      63 |   const noEntries = await page.getByText('The codex is empty').count();
      64 |   if (noEntries > 0) {
      65 |     await expect(page.getByText('The codex is empty')).toBeVisible();
        at C:\Users\Sean\Documents\loreweaver\apps\web\e2e\smoke.spec.ts:62:41

    attachment #1: screenshot (image/png) ΓöÇΓöÇΓöÇΓöÇΓöÇΓöÇΓöÇΓöÇΓöÇΓöÇΓöÇΓöÇΓöÇΓöÇΓöÇΓöÇΓöÇΓöÇΓöÇΓöÇΓöÇΓöÇΓöÇΓöÇΓöÇΓöÇΓöÇΓöÇΓöÇΓöÇΓöÇΓöÇΓöÇΓöÇΓöÇΓöÇΓöÇΓöÇΓöÇΓöÇΓöÇΓöÇΓöÇΓöÇΓöÇΓöÇΓöÇΓöÇΓöÇΓöÇΓöÇΓöÇΓöÇΓöÇΓöÇΓöÇΓöÇΓöÇ
    test-results\smoke-lore-page-shows-entries-or-empty-state-chromium\test-failed-1.png
    ΓöÇΓöÇΓöÇΓöÇΓöÇΓöÇΓöÇΓöÇΓöÇΓöÇΓöÇΓöÇΓöÇΓöÇΓöÇΓöÇΓöÇΓöÇΓöÇΓöÇΓöÇΓöÇΓöÇΓöÇΓöÇΓöÇΓöÇΓöÇΓöÇΓöÇΓöÇΓöÇΓöÇΓöÇΓöÇΓöÇΓöÇΓöÇΓöÇΓöÇΓöÇΓöÇΓöÇΓöÇΓöÇΓöÇΓöÇΓöÇΓöÇΓöÇΓöÇΓöÇΓöÇΓöÇΓöÇΓöÇΓöÇΓöÇΓöÇΓöÇΓöÇΓöÇΓöÇΓöÇΓöÇΓöÇΓöÇΓöÇΓöÇΓöÇΓöÇΓöÇΓöÇΓöÇΓöÇΓöÇΓöÇΓöÇΓöÇΓöÇΓöÇΓöÇΓöÇΓöÇΓöÇΓöÇΓöÇΓöÇΓöÇΓöÇΓöÇΓöÇΓöÇΓöÇΓöÇΓöÇ

    Error Context: test-results\smoke-lore-page-shows-entries-or-empty-state-chromium\error-context.md

  10) [chromium] ΓÇ║ e2e\smoke.spec.ts:69:1 ΓÇ║ chat message list is independently scrollable ΓöÇΓöÇΓöÇΓöÇΓöÇΓöÇΓöÇΓöÇΓöÇΓöÇ

    Error: [2mexpect([22m[31mlocator[39m[2m).[22mtoBeVisible[2m([22m[2m)[22m failed

    Locator: getByText('DIALOGUE')
    Expected: visible
    Timeout: 5000ms
    Error: element(s) not found

    Call log:
    [2m  - Expect "toBeVisible" with timeout 5000ms[22m
    [2m  - waiting for getByText('DIALOGUE')[22m


      70 |   // Navigate directly to a character that already has chat history
      71 |   await page.goto('/chat?worldId=2&characterId=3');
    > 72 |   await expect(page.getByText('DIALOGUE')).toBeVisible();
         |                                            ^
      73 |   await expect(page.getByRole('heading', { name: 'Ryder' })).toBeVisible();
      74 |
      75 |   // The message list is the first flex-1 + min-h-0 + overflow-y-auto div inside the chat card
        at C:\Users\Sean\Documents\loreweaver\apps\web\e2e\smoke.spec.ts:72:44

    attachment #1: screenshot (image/png) ΓöÇΓöÇΓöÇΓöÇΓöÇΓöÇΓöÇΓöÇΓöÇΓöÇΓöÇΓöÇΓöÇΓöÇΓöÇΓöÇΓöÇΓöÇΓöÇΓöÇΓöÇΓöÇΓöÇΓöÇΓöÇΓöÇΓöÇΓöÇΓöÇΓöÇΓöÇΓöÇΓöÇΓöÇΓöÇΓöÇΓöÇΓöÇΓöÇΓöÇΓöÇΓöÇΓöÇΓöÇΓöÇΓöÇΓöÇΓöÇΓöÇΓöÇΓöÇΓöÇΓöÇΓöÇΓöÇΓöÇΓöÇΓöÇ
    test-results\smoke-chat-message-list-is-independently-scrollable-chromium\test-failed-1.png
    ΓöÇΓöÇΓöÇΓöÇΓöÇΓöÇΓöÇΓöÇΓöÇΓöÇΓöÇΓöÇΓöÇΓöÇΓöÇΓöÇΓöÇΓöÇΓöÇΓöÇΓöÇΓöÇΓöÇΓöÇΓöÇΓöÇΓöÇΓöÇΓöÇΓöÇΓöÇΓöÇΓöÇΓöÇΓöÇΓöÇΓöÇΓöÇΓöÇΓöÇΓöÇΓöÇΓöÇΓöÇΓöÇΓöÇΓöÇΓöÇΓöÇΓöÇΓöÇΓöÇΓöÇΓöÇΓöÇΓöÇΓöÇΓöÇΓöÇΓöÇΓöÇΓöÇΓöÇΓöÇΓöÇΓöÇΓöÇΓöÇΓöÇΓöÇΓöÇΓöÇΓöÇΓöÇΓöÇΓöÇΓöÇΓöÇΓöÇΓöÇΓöÇΓöÇΓöÇΓöÇΓöÇΓöÇΓöÇΓöÇΓöÇΓöÇΓöÇΓöÇΓöÇΓöÇΓöÇΓöÇ

    Error Context: test-results\smoke-chat-message-list-is-independently-scrollable-chromium\error-context.md

  11) [firefox] ΓÇ║ e2e\smoke.spec.ts:3:1 ΓÇ║ app loads and shows dashboard with seeded world ΓöÇΓöÇΓöÇΓöÇΓöÇΓöÇΓöÇΓöÇΓöÇΓöÇ

    Error: [2mexpect([22m[31mlocator[39m[2m).[22mtoBeVisible[2m([22m[2m)[22m failed

    Locator: getByText('ARCHIVE OVERVIEW')
    Expected: visible
    Timeout: 5000ms
    Error: element(s) not found

    Call log:
    [2m  - Expect "toBeVisible" with timeout 5000ms[22m
    [2m  - waiting for getByText('ARCHIVE OVERVIEW')[22m


       5 |   await expect(page).toHaveTitle(/Loreweaver/);
       6 |   // Dashboard now shows world name as main heading
    >  7 |   await expect(page.getByText('ARCHIVE OVERVIEW')).toBeVisible();
         |                                                    ^
       8 |   await expect(page.getByText('Wasteland Ruins').first()).toBeVisible();
       9 | });
      10 |
        at C:\Users\Sean\Documents\loreweaver\apps\web\e2e\smoke.spec.ts:7:52

    attachment #1: screenshot (image/png) ΓöÇΓöÇΓöÇΓöÇΓöÇΓöÇΓöÇΓöÇΓöÇΓöÇΓöÇΓöÇΓöÇΓöÇΓöÇΓöÇΓöÇΓöÇΓöÇΓöÇΓöÇΓöÇΓöÇΓöÇΓöÇΓöÇΓöÇΓöÇΓöÇΓöÇΓöÇΓöÇΓöÇΓöÇΓöÇΓöÇΓöÇΓöÇΓöÇΓöÇΓöÇΓöÇΓöÇΓöÇΓöÇΓöÇΓöÇΓöÇΓöÇΓöÇΓöÇΓöÇΓöÇΓöÇΓöÇΓöÇΓöÇΓöÇ
    test-results\smoke-app-loads-and-shows-dashboard-with-seeded-world-firefox\test-failed-1.png
    ΓöÇΓöÇΓöÇΓöÇΓöÇΓöÇΓöÇΓöÇΓöÇΓöÇΓöÇΓöÇΓöÇΓöÇΓöÇΓöÇΓöÇΓöÇΓöÇΓöÇΓöÇΓöÇΓöÇΓöÇΓöÇΓöÇΓöÇΓöÇΓöÇΓöÇΓöÇΓöÇΓöÇΓöÇΓöÇΓöÇΓöÇΓöÇΓöÇΓöÇΓöÇΓöÇΓöÇΓöÇΓöÇΓöÇΓöÇΓöÇΓöÇΓöÇΓöÇΓöÇΓöÇΓöÇΓöÇΓöÇΓöÇΓöÇΓöÇΓöÇΓöÇΓöÇΓöÇΓöÇΓöÇΓöÇΓöÇΓöÇΓöÇΓöÇΓöÇΓöÇΓöÇΓöÇΓöÇΓöÇΓöÇΓöÇΓöÇΓöÇΓöÇΓöÇΓöÇΓöÇΓöÇΓöÇΓöÇΓöÇΓöÇΓöÇΓöÇΓöÇΓöÇΓöÇΓöÇΓöÇ

    Error Context: test-results\smoke-app-loads-and-shows-dashboard-with-seeded-world-firefox\error-context.md

  12) [firefox] ΓÇ║ e2e\smoke.spec.ts:20:1 ΓÇ║ dashboard displays stat cards ΓöÇΓöÇΓöÇΓöÇΓöÇΓöÇΓöÇΓöÇΓöÇΓöÇΓöÇΓöÇΓöÇΓöÇΓöÇΓöÇΓöÇΓöÇΓöÇΓöÇΓöÇΓöÇΓöÇΓöÇΓöÇΓöÇΓöÇ

    Error: [2mexpect([22m[31mlocator[39m[2m).[22mtoBeVisible[2m([22m[2m)[22m failed

    Locator: getByText('Lore Entries').first()
    Expected: visible
    Timeout: 5000ms
    Error: element(s) not found

    Call log:
    [2m  - Expect "toBeVisible" with timeout 5000ms[22m
    [2m  - waiting for getByText('Lore Entries').first()[22m


      22 |   // Verify the 4 chronicle tile labels exist (use first() to avoid sidebar conflicts)
      23 |   await expect(page.getByText('Characters').first()).toBeVisible();
    > 24 |   await expect(page.getByText('Lore Entries').first()).toBeVisible();
         |                                                        ^
      25 |   await expect(page.getByText('Timeline Events').first()).toBeVisible();
      26 | });
      27 |
        at C:\Users\Sean\Documents\loreweaver\apps\web\e2e\smoke.spec.ts:24:56

    attachment #1: screenshot (image/png) ΓöÇΓöÇΓöÇΓöÇΓöÇΓöÇΓöÇΓöÇΓöÇΓöÇΓöÇΓöÇΓöÇΓöÇΓöÇΓöÇΓöÇΓöÇΓöÇΓöÇΓöÇΓöÇΓöÇΓöÇΓöÇΓöÇΓöÇΓöÇΓöÇΓöÇΓöÇΓöÇΓöÇΓöÇΓöÇΓöÇΓöÇΓöÇΓöÇΓöÇΓöÇΓöÇΓöÇΓöÇΓöÇΓöÇΓöÇΓöÇΓöÇΓöÇΓöÇΓöÇΓöÇΓöÇΓöÇΓöÇΓöÇΓöÇ
    test-results\smoke-dashboard-displays-stat-cards-firefox\test-failed-1.png
    ΓöÇΓöÇΓöÇΓöÇΓöÇΓöÇΓöÇΓöÇΓöÇΓöÇΓöÇΓöÇΓöÇΓöÇΓöÇΓöÇΓöÇΓöÇΓöÇΓöÇΓöÇΓöÇΓöÇΓöÇΓöÇΓöÇΓöÇΓöÇΓöÇΓöÇΓöÇΓöÇΓöÇΓöÇΓöÇΓöÇΓöÇΓöÇΓöÇΓöÇΓöÇΓöÇΓöÇΓöÇΓöÇΓöÇΓöÇΓöÇΓöÇΓöÇΓöÇΓöÇΓöÇΓöÇΓöÇΓöÇΓöÇΓöÇΓöÇΓöÇΓöÇΓöÇΓöÇΓöÇΓöÇΓöÇΓöÇΓöÇΓöÇΓöÇΓöÇΓöÇΓöÇΓöÇΓöÇΓöÇΓöÇΓöÇΓöÇΓöÇΓöÇΓöÇΓöÇΓöÇΓöÇΓöÇΓöÇΓöÇΓöÇΓöÇΓöÇΓöÇΓöÇΓöÇΓöÇΓöÇ

    Error Context: test-results\smoke-dashboard-displays-stat-cards-firefox\error-context.md

  13) [firefox] ΓÇ║ e2e\smoke.spec.ts:49:1 ΓÇ║ chat page shows world and character selectors ΓöÇΓöÇΓöÇΓöÇΓöÇΓöÇΓöÇΓöÇΓöÇΓöÇΓöÇ

    Error: [2mexpect([22m[31mlocator[39m[2m).[22mtoBeVisible[2m([22m[2m)[22m failed

    Locator: getByText('DIALOGUE')
    Expected: visible
    Timeout: 5000ms
    Error: element(s) not found

    Call log:
    [2m  - Expect "toBeVisible" with timeout 5000ms[22m
    [2m  - waiting for getByText('DIALOGUE')[22m


      49 | test('chat page shows world and character selectors', async ({ page }) => {
      50 |   await page.goto('/chat');
    > 51 |   await expect(page.getByText('DIALOGUE')).toBeVisible();
         |                                            ^
      52 |   // World selector is always visible; character selector appears after world selection
      53 |   await expect(page.locator('select')).toHaveCount(1);
      54 |   // Wait for options to load, then select the seeded world (id=2)
        at C:\Users\Sean\Documents\loreweaver\apps\web\e2e\smoke.spec.ts:51:44

    attachment #1: screenshot (image/png) ΓöÇΓöÇΓöÇΓöÇΓöÇΓöÇΓöÇΓöÇΓöÇΓöÇΓöÇΓöÇΓöÇΓöÇΓöÇΓöÇΓöÇΓöÇΓöÇΓöÇΓöÇΓöÇΓöÇΓöÇΓöÇΓöÇΓöÇΓöÇΓöÇΓöÇΓöÇΓöÇΓöÇΓöÇΓöÇΓöÇΓöÇΓöÇΓöÇΓöÇΓöÇΓöÇΓöÇΓöÇΓöÇΓöÇΓöÇΓöÇΓöÇΓöÇΓöÇΓöÇΓöÇΓöÇΓöÇΓöÇΓöÇΓöÇ
    test-results\smoke-chat-page-shows-world-and-character-selectors-firefox\test-failed-1.png
    ΓöÇΓöÇΓöÇΓöÇΓöÇΓöÇΓöÇΓöÇΓöÇΓöÇΓöÇΓöÇΓöÇΓöÇΓöÇΓöÇΓöÇΓöÇΓöÇΓöÇΓöÇΓöÇΓöÇΓöÇΓöÇΓöÇΓöÇΓöÇΓöÇΓöÇΓöÇΓöÇΓöÇΓöÇΓöÇΓöÇΓöÇΓöÇΓöÇΓöÇΓöÇΓöÇΓöÇΓöÇΓöÇΓöÇΓöÇΓöÇΓöÇΓöÇΓöÇΓöÇΓöÇΓöÇΓöÇΓöÇΓöÇΓöÇΓöÇΓöÇΓöÇΓöÇΓöÇΓöÇΓöÇΓöÇΓöÇΓöÇΓöÇΓöÇΓöÇΓöÇΓöÇΓöÇΓöÇΓöÇΓöÇΓöÇΓöÇΓöÇΓöÇΓöÇΓöÇΓöÇΓöÇΓöÇΓöÇΓöÇΓöÇΓöÇΓöÇΓöÇΓöÇΓöÇΓöÇΓöÇ

    Error Context: test-results\smoke-chat-page-shows-world-and-character-selectors-firefox\error-context.md

  14) [firefox] ΓÇ║ e2e\smoke.spec.ts:60:1 ΓÇ║ lore page shows entries or empty state ΓöÇΓöÇΓöÇΓöÇΓöÇΓöÇΓöÇΓöÇΓöÇΓöÇΓöÇΓöÇΓöÇΓöÇΓöÇΓöÇΓöÇΓöÇ

    Error: [2mexpect([22m[31mlocator[39m[2m).[22mtoBeVisible[2m([22m[2m)[22m failed

    Locator: getByText('CODEX')
    Expected: visible
    Timeout: 5000ms
    Error: element(s) not found

    Call log:
    [2m  - Expect "toBeVisible" with timeout 5000ms[22m
    [2m  - waiting for getByText('CODEX')[22m


      60 | test('lore page shows entries or empty state', async ({ page }) => {
      61 |   await page.goto('/lore');
    > 62 |   await expect(page.getByText('CODEX')).toBeVisible();
         |                                         ^
      63 |   const noEntries = await page.getByText('The codex is empty').count();
      64 |   if (noEntries > 0) {
      65 |     await expect(page.getByText('The codex is empty')).toBeVisible();
        at C:\Users\Sean\Documents\loreweaver\apps\web\e2e\smoke.spec.ts:62:41

    attachment #1: screenshot (image/png) ΓöÇΓöÇΓöÇΓöÇΓöÇΓöÇΓöÇΓöÇΓöÇΓöÇΓöÇΓöÇΓöÇΓöÇΓöÇΓöÇΓöÇΓöÇΓöÇΓöÇΓöÇΓöÇΓöÇΓöÇΓöÇΓöÇΓöÇΓöÇΓöÇΓöÇΓöÇΓöÇΓöÇΓöÇΓöÇΓöÇΓöÇΓöÇΓöÇΓöÇΓöÇΓöÇΓöÇΓöÇΓöÇΓöÇΓöÇΓöÇΓöÇΓöÇΓöÇΓöÇΓöÇΓöÇΓöÇΓöÇΓöÇΓöÇ
    test-results\smoke-lore-page-shows-entries-or-empty-state-firefox\test-failed-1.png
    ΓöÇΓöÇΓöÇΓöÇΓöÇΓöÇΓöÇΓöÇΓöÇΓöÇΓöÇΓöÇΓöÇΓöÇΓöÇΓöÇΓöÇΓöÇΓöÇΓöÇΓöÇΓöÇΓöÇΓöÇΓöÇΓöÇΓöÇΓöÇΓöÇΓöÇΓöÇΓöÇΓöÇΓöÇΓöÇΓöÇΓöÇΓöÇΓöÇΓöÇΓöÇΓöÇΓöÇΓöÇΓöÇΓöÇΓöÇΓöÇΓöÇΓöÇΓöÇΓöÇΓöÇΓöÇΓöÇΓöÇΓöÇΓöÇΓöÇΓöÇΓöÇΓöÇΓöÇΓöÇΓöÇΓöÇΓöÇΓöÇΓöÇΓöÇΓöÇΓöÇΓöÇΓöÇΓöÇΓöÇΓöÇΓöÇΓöÇΓöÇΓöÇΓöÇΓöÇΓöÇΓöÇΓöÇΓöÇΓöÇΓöÇΓöÇΓöÇΓöÇΓöÇΓöÇΓöÇΓöÇ

    Error Context: test-results\smoke-lore-page-shows-entries-or-empty-state-firefox\error-context.md

  15) [firefox] ΓÇ║ e2e\smoke.spec.ts:69:1 ΓÇ║ chat message list is independently scrollable ΓöÇΓöÇΓöÇΓöÇΓöÇΓöÇΓöÇΓöÇΓöÇΓöÇΓöÇ

    Error: [2mexpect([22m[31mlocator[39m[2m).[22mtoBeVisible[2m([22m[2m)[22m failed

    Locator: getByText('DIALOGUE')
    Expected: visible
    Timeout: 5000ms
    Error: element(s) not found

    Call log:
    [2m  - Expect "toBeVisible" with timeout 5000ms[22m
    [2m  - waiting for getByText('DIALOGUE')[22m


      70 |   // Navigate directly to a character that already has chat history
      71 |   await page.goto('/chat?worldId=2&characterId=3');
    > 72 |   await expect(page.getByText('DIALOGUE')).toBeVisible();
         |                                            ^
      73 |   await expect(page.getByRole('heading', { name: 'Ryder' })).toBeVisible();
      74 |
      75 |   // The message list is the first flex-1 + min-h-0 + overflow-y-auto div inside the chat card
        at C:\Users\Sean\Documents\loreweaver\apps\web\e2e\smoke.spec.ts:72:44

    attachment #1: screenshot (image/png) ΓöÇΓöÇΓöÇΓöÇΓöÇΓöÇΓöÇΓöÇΓöÇΓöÇΓöÇΓöÇΓöÇΓöÇΓöÇΓöÇΓöÇΓöÇΓöÇΓöÇΓöÇΓöÇΓöÇΓöÇΓöÇΓöÇΓöÇΓöÇΓöÇΓöÇΓöÇΓöÇΓöÇΓöÇΓöÇΓöÇΓöÇΓöÇΓöÇΓöÇΓöÇΓöÇΓöÇΓöÇΓöÇΓöÇΓöÇΓöÇΓöÇΓöÇΓöÇΓöÇΓöÇΓöÇΓöÇΓöÇΓöÇΓöÇ
    test-results\smoke-chat-message-list-is-independently-scrollable-firefox\test-failed-1.png
    ΓöÇΓöÇΓöÇΓöÇΓöÇΓöÇΓöÇΓöÇΓöÇΓöÇΓöÇΓöÇΓöÇΓöÇΓöÇΓöÇΓöÇΓöÇΓöÇΓöÇΓöÇΓöÇΓöÇΓöÇΓöÇΓöÇΓöÇΓöÇΓöÇΓöÇΓöÇΓöÇΓöÇΓöÇΓöÇΓöÇΓöÇΓöÇΓöÇΓöÇΓöÇΓöÇΓöÇΓöÇΓöÇΓöÇΓöÇΓöÇΓöÇΓöÇΓöÇΓöÇΓöÇΓöÇΓöÇΓöÇΓöÇΓöÇΓöÇΓöÇΓöÇΓöÇΓöÇΓöÇΓöÇΓöÇΓöÇΓöÇΓöÇΓöÇΓöÇΓöÇΓöÇΓöÇΓöÇΓöÇΓöÇΓöÇΓöÇΓöÇΓöÇΓöÇΓöÇΓöÇΓöÇΓöÇΓöÇΓöÇΓöÇΓöÇΓöÇΓöÇΓöÇΓöÇΓöÇΓöÇ

    Error Context: test-results\smoke-chat-message-list-is-independently-scrollable-firefox\error-context.md

  16) [firefox] ΓÇ║ e2e\smoke.spec.ts:3:1 ΓÇ║ app loads and shows dashboard with seeded world ΓöÇΓöÇΓöÇΓöÇΓöÇΓöÇΓöÇΓöÇΓöÇΓöÇ

    Error: [2mexpect([22m[31mlocator[39m[2m).[22mtoBeVisible[2m([22m[2m)[22m failed

    Locator: getByText('ARCHIVE OVERVIEW')
    Expected: visible
    Timeout: 5000ms
    Error: element(s) not found

    Call log:
    [2m  - Expect "toBeVisible" with timeout 5000ms[22m
    [2m  - waiting for getByText('ARCHIVE OVERVIEW')[22m


       5 |   await expect(page).toHaveTitle(/Loreweaver/);
       6 |   // Dashboard now shows world name as main heading
    >  7 |   await expect(page.getByText('ARCHIVE OVERVIEW')).toBeVisible();
         |                                                    ^
       8 |   await expect(page.getByText('Wasteland Ruins').first()).toBeVisible();
       9 | });
      10 |
        at C:\Users\Sean\Documents\loreweaver\apps\web\e2e\smoke.spec.ts:7:52

    attachment #1: screenshot (image/png) ΓöÇΓöÇΓöÇΓöÇΓöÇΓöÇΓöÇΓöÇΓöÇΓöÇΓöÇΓöÇΓöÇΓöÇΓöÇΓöÇΓöÇΓöÇΓöÇΓöÇΓöÇΓöÇΓöÇΓöÇΓöÇΓöÇΓöÇΓöÇΓöÇΓöÇΓöÇΓöÇΓöÇΓöÇΓöÇΓöÇΓöÇΓöÇΓöÇΓöÇΓöÇΓöÇΓöÇΓöÇΓöÇΓöÇΓöÇΓöÇΓöÇΓöÇΓöÇΓöÇΓöÇΓöÇΓöÇΓöÇΓöÇΓöÇ
    test-results\smoke-app-loads-and-shows-dashboard-with-seeded-world-firefox\test-failed-1.png
    ΓöÇΓöÇΓöÇΓöÇΓöÇΓöÇΓöÇΓöÇΓöÇΓöÇΓöÇΓöÇΓöÇΓöÇΓöÇΓöÇΓöÇΓöÇΓöÇΓöÇΓöÇΓöÇΓöÇΓöÇΓöÇΓöÇΓöÇΓöÇΓöÇΓöÇΓöÇΓöÇΓöÇΓöÇΓöÇΓöÇΓöÇΓöÇΓöÇΓöÇΓöÇΓöÇΓöÇΓöÇΓöÇΓöÇΓöÇΓöÇΓöÇΓöÇΓöÇΓöÇΓöÇΓöÇΓöÇΓöÇΓöÇΓöÇΓöÇΓöÇΓöÇΓöÇΓöÇΓöÇΓöÇΓöÇΓöÇΓöÇΓöÇΓöÇΓöÇΓöÇΓöÇΓöÇΓöÇΓöÇΓöÇΓöÇΓöÇΓöÇΓöÇΓöÇΓöÇΓöÇΓöÇΓöÇΓöÇΓöÇΓöÇΓöÇΓöÇΓöÇΓöÇΓöÇΓöÇΓöÇ

    Error Context: test-results\smoke-app-loads-and-shows-dashboard-with-seeded-world-firefox\error-context.md

  17) [firefox] ΓÇ║ e2e\smoke.spec.ts:20:1 ΓÇ║ dashboard displays stat cards ΓöÇΓöÇΓöÇΓöÇΓöÇΓöÇΓöÇΓöÇΓöÇΓöÇΓöÇΓöÇΓöÇΓöÇΓöÇΓöÇΓöÇΓöÇΓöÇΓöÇΓöÇΓöÇΓöÇΓöÇΓöÇΓöÇΓöÇ

    Error: [2mexpect([22m[31mlocator[39m[2m).[22mtoBeVisible[2m([22m[2m)[22m failed

    Locator: getByText('Lore Entries').first()
    Expected: visible
    Timeout: 5000ms
    Error: element(s) not found

    Call log:
    [2m  - Expect "toBeVisible" with timeout 5000ms[22m
    [2m  - waiting for getByText('Lore Entries').first()[22m


      22 |   // Verify the 4 chronicle tile labels exist (use first() to avoid sidebar conflicts)
      23 |   await expect(page.getByText('Characters').first()).toBeVisible();
    > 24 |   await expect(page.getByText('Lore Entries').first()).toBeVisible();
         |                                                        ^
      25 |   await expect(page.getByText('Timeline Events').first()).toBeVisible();
      26 | });
      27 |
        at C:\Users\Sean\Documents\loreweaver\apps\web\e2e\smoke.spec.ts:24:56

    attachment #1: screenshot (image/png) ΓöÇΓöÇΓöÇΓöÇΓöÇΓöÇΓöÇΓöÇΓöÇΓöÇΓöÇΓöÇΓöÇΓöÇΓöÇΓöÇΓöÇΓöÇΓöÇΓöÇΓöÇΓöÇΓöÇΓöÇΓöÇΓöÇΓöÇΓöÇΓöÇΓöÇΓöÇΓöÇΓöÇΓöÇΓöÇΓöÇΓöÇΓöÇΓöÇΓöÇΓöÇΓöÇΓöÇΓöÇΓöÇΓöÇΓöÇΓöÇΓöÇΓöÇΓöÇΓöÇΓöÇΓöÇΓöÇΓöÇΓöÇΓöÇ
    test-results\smoke-dashboard-displays-stat-cards-firefox\test-failed-1.png
    ΓöÇΓöÇΓöÇΓöÇΓöÇΓöÇΓöÇΓöÇΓöÇΓöÇΓöÇΓöÇΓöÇΓöÇΓöÇΓöÇΓöÇΓöÇΓöÇΓöÇΓöÇΓöÇΓöÇΓöÇΓöÇΓöÇΓöÇΓöÇΓöÇΓöÇΓöÇΓöÇΓöÇΓöÇΓöÇΓöÇΓöÇΓöÇΓöÇΓöÇΓöÇΓöÇΓöÇΓöÇΓöÇΓöÇΓöÇΓöÇΓöÇΓöÇΓöÇΓöÇΓöÇΓöÇΓöÇΓöÇΓöÇΓöÇΓöÇΓöÇΓöÇΓöÇΓöÇΓöÇΓöÇΓöÇΓöÇΓöÇΓöÇΓöÇΓöÇΓöÇΓöÇΓöÇΓöÇΓöÇΓöÇΓöÇΓöÇΓöÇΓöÇΓöÇΓöÇΓöÇΓöÇΓöÇΓöÇΓöÇΓöÇΓöÇΓöÇΓöÇΓöÇΓöÇΓöÇΓöÇ

    Error Context: test-results\smoke-dashboard-displays-stat-cards-firefox\error-context.md

  18) [firefox] ΓÇ║ e2e\smoke.spec.ts:49:1 ΓÇ║ chat page shows world and character selectors ΓöÇΓöÇΓöÇΓöÇΓöÇΓöÇΓöÇΓöÇΓöÇΓöÇΓöÇ

    Error: [2mexpect([22m[31mlocator[39m[2m).[22mtoBeVisible[2m([22m[2m)[22m failed

    Locator: getByText('DIALOGUE')
    Expected: visible
    Timeout: 5000ms
    Error: element(s) not found

    Call log:
    [2m  - Expect "toBeVisible" with timeout 5000ms[22m
    [2m  - waiting for getByText('DIALOGUE')[22m


      49 | test('chat page shows world and character selectors', async ({ page }) => {
      50 |   await page.goto('/chat');
    > 51 |   await expect(page.getByText('DIALOGUE')).toBeVisible();
         |                                            ^
      52 |   // World selector is always visible; character selector appears after world selection
      53 |   await expect(page.locator('select')).toHaveCount(1);
      54 |   // Wait for options to load, then select the seeded world (id=2)
        at C:\Users\Sean\Documents\loreweaver\apps\web\e2e\smoke.spec.ts:51:44

    attachment #1: screenshot (image/png) ΓöÇΓöÇΓöÇΓöÇΓöÇΓöÇΓöÇΓöÇΓöÇΓöÇΓöÇΓöÇΓöÇΓöÇΓöÇΓöÇΓöÇΓöÇΓöÇΓöÇΓöÇΓöÇΓöÇΓöÇΓöÇΓöÇΓöÇΓöÇΓöÇΓöÇΓöÇΓöÇΓöÇΓöÇΓöÇΓöÇΓöÇΓöÇΓöÇΓöÇΓöÇΓöÇΓöÇΓöÇΓöÇΓöÇΓöÇΓöÇΓöÇΓöÇΓöÇΓöÇΓöÇΓöÇΓöÇΓöÇΓöÇΓöÇ
    test-results\smoke-chat-page-shows-world-and-character-selectors-firefox\test-failed-1.png
    ΓöÇΓöÇΓöÇΓöÇΓöÇΓöÇΓöÇΓöÇΓöÇΓöÇΓöÇΓöÇΓöÇΓöÇΓöÇΓöÇΓöÇΓöÇΓöÇΓöÇΓöÇΓöÇΓöÇΓöÇΓöÇΓöÇΓöÇΓöÇΓöÇΓöÇΓöÇΓöÇΓöÇΓöÇΓöÇΓöÇΓöÇΓöÇΓöÇΓöÇΓöÇΓöÇΓöÇΓöÇΓöÇΓöÇΓöÇΓöÇΓöÇΓöÇΓöÇΓöÇΓöÇΓöÇΓöÇΓöÇΓöÇΓöÇΓöÇΓöÇΓöÇΓöÇΓöÇΓöÇΓöÇΓöÇΓöÇΓöÇΓöÇΓöÇΓöÇΓöÇΓöÇΓöÇΓöÇΓöÇΓöÇΓöÇΓöÇΓöÇΓöÇΓöÇΓöÇΓöÇΓöÇΓöÇΓöÇΓöÇΓöÇΓöÇΓöÇΓöÇΓöÇΓöÇΓöÇΓöÇ

    Error Context: test-results\smoke-chat-page-shows-world-and-character-selectors-firefox\error-context.md

  19) [firefox] ΓÇ║ e2e\smoke.spec.ts:60:1 ΓÇ║ lore page shows entries or empty state ΓöÇΓöÇΓöÇΓöÇΓöÇΓöÇΓöÇΓöÇΓöÇΓöÇΓöÇΓöÇΓöÇΓöÇΓöÇΓöÇΓöÇΓöÇ

    Error: [2mexpect([22m[31mlocator[39m[2m).[22mtoBeVisible[2m([22m[2m)[22m failed

    Locator: getByText('CODEX')
    Expected: visible
    Timeout: 5000ms
    Error: element(s) not found

    Call log:
    [2m  - Expect "toBeVisible" with timeout 5000ms[22m
    [2m  - waiting for getByText('CODEX')[22m


      60 | test('lore page shows entries or empty state', async ({ page }) => {
      61 |   await page.goto('/lore');
    > 62 |   await expect(page.getByText('CODEX')).toBeVisible();
         |                                         ^
      63 |   const noEntries = await page.getByText('The codex is empty').count();
      64 |   if (noEntries > 0) {
      65 |     await expect(page.getByText('The codex is empty')).toBeVisible();
        at C:\Users\Sean\Documents\loreweaver\apps\web\e2e\smoke.spec.ts:62:41

    attachment #1: screenshot (image/png) ΓöÇΓöÇΓöÇΓöÇΓöÇΓöÇΓöÇΓöÇΓöÇΓöÇΓöÇΓöÇΓöÇΓöÇΓöÇΓöÇΓöÇΓöÇΓöÇΓöÇΓöÇΓöÇΓöÇΓöÇΓöÇΓöÇΓöÇΓöÇΓöÇΓöÇΓöÇΓöÇΓöÇΓöÇΓöÇΓöÇΓöÇΓöÇΓöÇΓöÇΓöÇΓöÇΓöÇΓöÇΓöÇΓöÇΓöÇΓöÇΓöÇΓöÇΓöÇΓöÇΓöÇΓöÇΓöÇΓöÇΓöÇΓöÇ
    test-results\smoke-lore-page-shows-entries-or-empty-state-firefox\test-failed-1.png
    ΓöÇΓöÇΓöÇΓöÇΓöÇΓöÇΓöÇΓöÇΓöÇΓöÇΓöÇΓöÇΓöÇΓöÇΓöÇΓöÇΓöÇΓöÇΓöÇΓöÇΓöÇΓöÇΓöÇΓöÇΓöÇΓöÇΓöÇΓöÇΓöÇΓöÇΓöÇΓöÇΓöÇΓöÇΓöÇΓöÇΓöÇΓöÇΓöÇΓöÇΓöÇΓöÇΓöÇΓöÇΓöÇΓöÇΓöÇΓöÇΓöÇΓöÇΓöÇΓöÇΓöÇΓöÇΓöÇΓöÇΓöÇΓöÇΓöÇΓöÇΓöÇΓöÇΓöÇΓöÇΓöÇΓöÇΓöÇΓöÇΓöÇΓöÇΓöÇΓöÇΓöÇΓöÇΓöÇΓöÇΓöÇΓöÇΓöÇΓöÇΓöÇΓöÇΓöÇΓöÇΓöÇΓöÇΓöÇΓöÇΓöÇΓöÇΓöÇΓöÇΓöÇΓöÇΓöÇΓöÇ

    Error Context: test-results\smoke-lore-page-shows-entries-or-empty-state-firefox\error-context.md

  20) [firefox] ΓÇ║ e2e\smoke.spec.ts:69:1 ΓÇ║ chat message list is independently scrollable ΓöÇΓöÇΓöÇΓöÇΓöÇΓöÇΓöÇΓöÇΓöÇΓöÇΓöÇ

    Error: [2mexpect([22m[31mlocator[39m[2m).[22mtoBeVisible[2m([22m[2m)[22m failed

    Locator: getByText('DIALOGUE')
    Expected: visible
    Timeout: 5000ms
    Error: element(s) not found

    Call log:
    [2m  - Expect "toBeVisible" with timeout 5000ms[22m
    [2m  - waiting for getByText('DIALOGUE')[22m


      70 |   // Navigate directly to a character that already has chat history
      71 |   await page.goto('/chat?worldId=2&characterId=3');
    > 72 |   await expect(page.getByText('DIALOGUE')).toBeVisible();
         |                                            ^
      73 |   await expect(page.getByRole('heading', { name: 'Ryder' })).toBeVisible();
      74 |
      75 |   // The message list is the first flex-1 + min-h-0 + overflow-y-auto div inside the chat card
        at C:\Users\Sean\Documents\loreweaver\apps\web\e2e\smoke.spec.ts:72:44

    attachment #1: screenshot (image/png) ΓöÇΓöÇΓöÇΓöÇΓöÇΓöÇΓöÇΓöÇΓöÇΓöÇΓöÇΓöÇΓöÇΓöÇΓöÇΓöÇΓöÇΓöÇΓöÇΓöÇΓöÇΓöÇΓöÇΓöÇΓöÇΓöÇΓöÇΓöÇΓöÇΓöÇΓöÇΓöÇΓöÇΓöÇΓöÇΓöÇΓöÇΓöÇΓöÇΓöÇΓöÇΓöÇΓöÇΓöÇΓöÇΓöÇΓöÇΓöÇΓöÇΓöÇΓöÇΓöÇΓöÇΓöÇΓöÇΓöÇΓöÇΓöÇ
    test-results\smoke-chat-message-list-is-independently-scrollable-firefox\test-failed-1.png
    ΓöÇΓöÇΓöÇΓöÇΓöÇΓöÇΓöÇΓöÇΓöÇΓöÇΓöÇΓöÇΓöÇΓöÇΓöÇΓöÇΓöÇΓöÇΓöÇΓöÇΓöÇΓöÇΓöÇΓöÇΓöÇΓöÇΓöÇΓöÇΓöÇΓöÇΓöÇΓöÇΓöÇΓöÇΓöÇΓöÇΓöÇΓöÇΓöÇΓöÇΓöÇΓöÇΓöÇΓöÇΓöÇΓöÇΓöÇΓöÇΓöÇΓöÇΓöÇΓöÇΓöÇΓöÇΓöÇΓöÇΓöÇΓöÇΓöÇΓöÇΓöÇΓöÇΓöÇΓöÇΓöÇΓöÇΓöÇΓöÇΓöÇΓöÇΓöÇΓöÇΓöÇΓöÇΓöÇΓöÇΓöÇΓöÇΓöÇΓöÇΓöÇΓöÇΓöÇΓöÇΓöÇΓöÇΓöÇΓöÇΓöÇΓöÇΓöÇΓöÇΓöÇΓöÇΓöÇΓöÇ

    Error Context: test-results\smoke-chat-message-list-is-independently-scrollable-firefox\error-context.md

  21) [webkit] ΓÇ║ e2e\smoke.spec.ts:3:1 ΓÇ║ app loads and shows dashboard with seeded world ΓöÇΓöÇΓöÇΓöÇΓöÇΓöÇΓöÇΓöÇΓöÇΓöÇΓöÇ

    Error: [2mexpect([22m[31mlocator[39m[2m).[22mtoBeVisible[2m([22m[2m)[22m failed

    Locator: getByText('ARCHIVE OVERVIEW')
    Expected: visible
    Timeout: 5000ms
    Error: element(s) not found

    Call log:
    [2m  - Expect "toBeVisible" with timeout 5000ms[22m
    [2m  - waiting for getByText('ARCHIVE OVERVIEW')[22m


       5 |   await expect(page).toHaveTitle(/Loreweaver/);
       6 |   // Dashboard now shows world name as main heading
    >  7 |   await expect(page.getByText('ARCHIVE OVERVIEW')).toBeVisible();
         |                                                    ^
       8 |   await expect(page.getByText('Wasteland Ruins').first()).toBeVisible();
       9 | });
      10 |
        at C:\Users\Sean\Documents\loreweaver\apps\web\e2e\smoke.spec.ts:7:52

    attachment #1: screenshot (image/png) ΓöÇΓöÇΓöÇΓöÇΓöÇΓöÇΓöÇΓöÇΓöÇΓöÇΓöÇΓöÇΓöÇΓöÇΓöÇΓöÇΓöÇΓöÇΓöÇΓöÇΓöÇΓöÇΓöÇΓöÇΓöÇΓöÇΓöÇΓöÇΓöÇΓöÇΓöÇΓöÇΓöÇΓöÇΓöÇΓöÇΓöÇΓöÇΓöÇΓöÇΓöÇΓöÇΓöÇΓöÇΓöÇΓöÇΓöÇΓöÇΓöÇΓöÇΓöÇΓöÇΓöÇΓöÇΓöÇΓöÇΓöÇΓöÇ
    test-results\smoke-app-loads-and-shows-dashboard-with-seeded-world-webkit\test-failed-1.png
    ΓöÇΓöÇΓöÇΓöÇΓöÇΓöÇΓöÇΓöÇΓöÇΓöÇΓöÇΓöÇΓöÇΓöÇΓöÇΓöÇΓöÇΓöÇΓöÇΓöÇΓöÇΓöÇΓöÇΓöÇΓöÇΓöÇΓöÇΓöÇΓöÇΓöÇΓöÇΓöÇΓöÇΓöÇΓöÇΓöÇΓöÇΓöÇΓöÇΓöÇΓöÇΓöÇΓöÇΓöÇΓöÇΓöÇΓöÇΓöÇΓöÇΓöÇΓöÇΓöÇΓöÇΓöÇΓöÇΓöÇΓöÇΓöÇΓöÇΓöÇΓöÇΓöÇΓöÇΓöÇΓöÇΓöÇΓöÇΓöÇΓöÇΓöÇΓöÇΓöÇΓöÇΓöÇΓöÇΓöÇΓöÇΓöÇΓöÇΓöÇΓöÇΓöÇΓöÇΓöÇΓöÇΓöÇΓöÇΓöÇΓöÇΓöÇΓöÇΓöÇΓöÇΓöÇΓöÇΓöÇ

    Error Context: test-results\smoke-app-loads-and-shows-dashboard-with-seeded-world-webkit\error-context.md

  22) [webkit] ΓÇ║ e2e\smoke.spec.ts:20:1 ΓÇ║ dashboard displays stat cards ΓöÇΓöÇΓöÇΓöÇΓöÇΓöÇΓöÇΓöÇΓöÇΓöÇΓöÇΓöÇΓöÇΓöÇΓöÇΓöÇΓöÇΓöÇΓöÇΓöÇΓöÇΓöÇΓöÇΓöÇΓöÇΓöÇΓöÇΓöÇ

    Error: [2mexpect([22m[31mlocator[39m[2m).[22mtoBeVisible[2m([22m[2m)[22m failed

    Locator: getByText('Lore Entries').first()
    Expected: visible
    Timeout: 5000ms
    Error: element(s) not found

    Call log:
    [2m  - Expect "toBeVisible" with timeout 5000ms[22m
    [2m  - waiting for getByText('Lore Entries').first()[22m


      22 |   // Verify the 4 chronicle tile labels exist (use first() to avoid sidebar conflicts)
      23 |   await expect(page.getByText('Characters').first()).toBeVisible();
    > 24 |   await expect(page.getByText('Lore Entries').first()).toBeVisible();
         |                                                        ^
      25 |   await expect(page.getByText('Timeline Events').first()).toBeVisible();
      26 | });
      27 |
        at C:\Users\Sean\Documents\loreweaver\apps\web\e2e\smoke.spec.ts:24:56

    attachment #1: screenshot (image/png) ΓöÇΓöÇΓöÇΓöÇΓöÇΓöÇΓöÇΓöÇΓöÇΓöÇΓöÇΓöÇΓöÇΓöÇΓöÇΓöÇΓöÇΓöÇΓöÇΓöÇΓöÇΓöÇΓöÇΓöÇΓöÇΓöÇΓöÇΓöÇΓöÇΓöÇΓöÇΓöÇΓöÇΓöÇΓöÇΓöÇΓöÇΓöÇΓöÇΓöÇΓöÇΓöÇΓöÇΓöÇΓöÇΓöÇΓöÇΓöÇΓöÇΓöÇΓöÇΓöÇΓöÇΓöÇΓöÇΓöÇΓöÇΓöÇ
    test-results\smoke-dashboard-displays-stat-cards-webkit\test-failed-1.png
    ΓöÇΓöÇΓöÇΓöÇΓöÇΓöÇΓöÇΓöÇΓöÇΓöÇΓöÇΓöÇΓöÇΓöÇΓöÇΓöÇΓöÇΓöÇΓöÇΓöÇΓöÇΓöÇΓöÇΓöÇΓöÇΓöÇΓöÇΓöÇΓöÇΓöÇΓöÇΓöÇΓöÇΓöÇΓöÇΓöÇΓöÇΓöÇΓöÇΓöÇΓöÇΓöÇΓöÇΓöÇΓöÇΓöÇΓöÇΓöÇΓöÇΓöÇΓöÇΓöÇΓöÇΓöÇΓöÇΓöÇΓöÇΓöÇΓöÇΓöÇΓöÇΓöÇΓöÇΓöÇΓöÇΓöÇΓöÇΓöÇΓöÇΓöÇΓöÇΓöÇΓöÇΓöÇΓöÇΓöÇΓöÇΓöÇΓöÇΓöÇΓöÇΓöÇΓöÇΓöÇΓöÇΓöÇΓöÇΓöÇΓöÇΓöÇΓöÇΓöÇΓöÇΓöÇΓöÇΓöÇ

    Error Context: test-results\smoke-dashboard-displays-stat-cards-webkit\error-context.md

  23) [webkit] ΓÇ║ e2e\smoke.spec.ts:49:1 ΓÇ║ chat page shows world and character selectors ΓöÇΓöÇΓöÇΓöÇΓöÇΓöÇΓöÇΓöÇΓöÇΓöÇΓöÇΓöÇ

    Error: [2mexpect([22m[31mlocator[39m[2m).[22mtoBeVisible[2m([22m[2m)[22m failed

    Locator: getByText('DIALOGUE')
    Expected: visible
    Timeout: 5000ms
    Error: element(s) not found

    Call log:
    [2m  - Expect "toBeVisible" with timeout 5000ms[22m
    [2m  - waiting for getByText('DIALOGUE')[22m


      49 | test('chat page shows world and character selectors', async ({ page }) => {
      50 |   await page.goto('/chat');
    > 51 |   await expect(page.getByText('DIALOGUE')).toBeVisible();
         |                                            ^
      52 |   // World selector is always visible; character selector appears after world selection
      53 |   await expect(page.locator('select')).toHaveCount(1);
      54 |   // Wait for options to load, then select the seeded world (id=2)
        at C:\Users\Sean\Documents\loreweaver\apps\web\e2e\smoke.spec.ts:51:44

    attachment #1: screenshot (image/png) ΓöÇΓöÇΓöÇΓöÇΓöÇΓöÇΓöÇΓöÇΓöÇΓöÇΓöÇΓöÇΓöÇΓöÇΓöÇΓöÇΓöÇΓöÇΓöÇΓöÇΓöÇΓöÇΓöÇΓöÇΓöÇΓöÇΓöÇΓöÇΓöÇΓöÇΓöÇΓöÇΓöÇΓöÇΓöÇΓöÇΓöÇΓöÇΓöÇΓöÇΓöÇΓöÇΓöÇΓöÇΓöÇΓöÇΓöÇΓöÇΓöÇΓöÇΓöÇΓöÇΓöÇΓöÇΓöÇΓöÇΓöÇΓöÇ
    test-results\smoke-chat-page-shows-world-and-character-selectors-webkit\test-failed-1.png
    ΓöÇΓöÇΓöÇΓöÇΓöÇΓöÇΓöÇΓöÇΓöÇΓöÇΓöÇΓöÇΓöÇΓöÇΓöÇΓöÇΓöÇΓöÇΓöÇΓöÇΓöÇΓöÇΓöÇΓöÇΓöÇΓöÇΓöÇΓöÇΓöÇΓöÇΓöÇΓöÇΓöÇΓöÇΓöÇΓöÇΓöÇΓöÇΓöÇΓöÇΓöÇΓöÇΓöÇΓöÇΓöÇΓöÇΓöÇΓöÇΓöÇΓöÇΓöÇΓöÇΓöÇΓöÇΓöÇΓöÇΓöÇΓöÇΓöÇΓöÇΓöÇΓöÇΓöÇΓöÇΓöÇΓöÇΓöÇΓöÇΓöÇΓöÇΓöÇΓöÇΓöÇΓöÇΓöÇΓöÇΓöÇΓöÇΓöÇΓöÇΓöÇΓöÇΓöÇΓöÇΓöÇΓöÇΓöÇΓöÇΓöÇΓöÇΓöÇΓöÇΓöÇΓöÇΓöÇΓöÇ

    Error Context: test-results\smoke-chat-page-shows-world-and-character-selectors-webkit\error-context.md

  24) [webkit] ΓÇ║ e2e\smoke.spec.ts:60:1 ΓÇ║ lore page shows entries or empty state ΓöÇΓöÇΓöÇΓöÇΓöÇΓöÇΓöÇΓöÇΓöÇΓöÇΓöÇΓöÇΓöÇΓöÇΓöÇΓöÇΓöÇΓöÇΓöÇ

    Error: [2mexpect([22m[31mlocator[39m[2m).[22mtoBeVisible[2m([22m[2m)[22m failed

    Locator: getByText('CODEX')
    Expected: visible
    Timeout: 5000ms
    Error: element(s) not found

    Call log:
    [2m  - Expect "toBeVisible" with timeout 5000ms[22m
    [2m  - waiting for getByText('CODEX')[22m


      60 | test('lore page shows entries or empty state', async ({ page }) => {
      61 |   await page.goto('/lore');
    > 62 |   await expect(page.getByText('CODEX')).toBeVisible();
         |                                         ^
      63 |   const noEntries = await page.getByText('The codex is empty').count();
      64 |   if (noEntries > 0) {
      65 |     await expect(page.getByText('The codex is empty')).toBeVisible();
        at C:\Users\Sean\Documents\loreweaver\apps\web\e2e\smoke.spec.ts:62:41

    attachment #1: screenshot (image/png) ΓöÇΓöÇΓöÇΓöÇΓöÇΓöÇΓöÇΓöÇΓöÇΓöÇΓöÇΓöÇΓöÇΓöÇΓöÇΓöÇΓöÇΓöÇΓöÇΓöÇΓöÇΓöÇΓöÇΓöÇΓöÇΓöÇΓöÇΓöÇΓöÇΓöÇΓöÇΓöÇΓöÇΓöÇΓöÇΓöÇΓöÇΓöÇΓöÇΓöÇΓöÇΓöÇΓöÇΓöÇΓöÇΓöÇΓöÇΓöÇΓöÇΓöÇΓöÇΓöÇΓöÇΓöÇΓöÇΓöÇΓöÇΓöÇ
    test-results\smoke-lore-page-shows-entries-or-empty-state-webkit\test-failed-1.png
    ΓöÇΓöÇΓöÇΓöÇΓöÇΓöÇΓöÇΓöÇΓöÇΓöÇΓöÇΓöÇΓöÇΓöÇΓöÇΓöÇΓöÇΓöÇΓöÇΓöÇΓöÇΓöÇΓöÇΓöÇΓöÇΓöÇΓöÇΓöÇΓöÇΓöÇΓöÇΓöÇΓöÇΓöÇΓöÇΓöÇΓöÇΓöÇΓöÇΓöÇΓöÇΓöÇΓöÇΓöÇΓöÇΓöÇΓöÇΓöÇΓöÇΓöÇΓöÇΓöÇΓöÇΓöÇΓöÇΓöÇΓöÇΓöÇΓöÇΓöÇΓöÇΓöÇΓöÇΓöÇΓöÇΓöÇΓöÇΓöÇΓöÇΓöÇΓöÇΓöÇΓöÇΓöÇΓöÇΓöÇΓöÇΓöÇΓöÇΓöÇΓöÇΓöÇΓöÇΓöÇΓöÇΓöÇΓöÇΓöÇΓöÇΓöÇΓöÇΓöÇΓöÇΓöÇΓöÇΓöÇ

    Error Context: test-results\smoke-lore-page-shows-entries-or-empty-state-webkit\error-context.md

  25) [webkit] ΓÇ║ e2e\smoke.spec.ts:69:1 ΓÇ║ chat message list is independently scrollable ΓöÇΓöÇΓöÇΓöÇΓöÇΓöÇΓöÇΓöÇΓöÇΓöÇΓöÇΓöÇ

    Error: [2mexpect([22m[31mlocator[39m[2m).[22mtoBeVisible[2m([22m[2m)[22m failed

    Locator: getByText('DIALOGUE')
    Expected: visible
    Timeout: 5000ms
    Error: element(s) not found

    Call log:
    [2m  - Expect "toBeVisible" with timeout 5000ms[22m
    [2m  - waiting for getByText('DIALOGUE')[22m


      70 |   // Navigate directly to a character that already has chat history
      71 |   await page.goto('/chat?worldId=2&characterId=3');
    > 72 |   await expect(page.getByText('DIALOGUE')).toBeVisible();
         |                                            ^
      73 |   await expect(page.getByRole('heading', { name: 'Ryder' })).toBeVisible();
      74 |
      75 |   // The message list is the first flex-1 + min-h-0 + overflow-y-auto div inside the chat card
        at C:\Users\Sean\Documents\loreweaver\apps\web\e2e\smoke.spec.ts:72:44

    attachment #1: screenshot (image/png) ΓöÇΓöÇΓöÇΓöÇΓöÇΓöÇΓöÇΓöÇΓöÇΓöÇΓöÇΓöÇΓöÇΓöÇΓöÇΓöÇΓöÇΓöÇΓöÇΓöÇΓöÇΓöÇΓöÇΓöÇΓöÇΓöÇΓöÇΓöÇΓöÇΓöÇΓöÇΓöÇΓöÇΓöÇΓöÇΓöÇΓöÇΓöÇΓöÇΓöÇΓöÇΓöÇΓöÇΓöÇΓöÇΓöÇΓöÇΓöÇΓöÇΓöÇΓöÇΓöÇΓöÇΓöÇΓöÇΓöÇΓöÇΓöÇ
    test-results\smoke-chat-message-list-is-independently-scrollable-webkit\test-failed-1.png
    ΓöÇΓöÇΓöÇΓöÇΓöÇΓöÇΓöÇΓöÇΓöÇΓöÇΓöÇΓöÇΓöÇΓöÇΓöÇΓöÇΓöÇΓöÇΓöÇΓöÇΓöÇΓöÇΓöÇΓöÇΓöÇΓöÇΓöÇΓöÇΓöÇΓöÇΓöÇΓöÇΓöÇΓöÇΓöÇΓöÇΓöÇΓöÇΓöÇΓöÇΓöÇΓöÇΓöÇΓöÇΓöÇΓöÇΓöÇΓöÇΓöÇΓöÇΓöÇΓöÇΓöÇΓöÇΓöÇΓöÇΓöÇΓöÇΓöÇΓöÇΓöÇΓöÇΓöÇΓöÇΓöÇΓöÇΓöÇΓöÇΓöÇΓöÇΓöÇΓöÇΓöÇΓöÇΓöÇΓöÇΓöÇΓöÇΓöÇΓöÇΓöÇΓöÇΓöÇΓöÇΓöÇΓöÇΓöÇΓöÇΓöÇΓöÇΓöÇΓöÇΓöÇΓöÇΓöÇΓöÇ

    Error Context: test-results\smoke-chat-message-list-is-independently-scrollable-webkit\error-context.md

  26) [webkit] ΓÇ║ e2e\smoke.spec.ts:3:1 ΓÇ║ app loads and shows dashboard with seeded world ΓöÇΓöÇΓöÇΓöÇΓöÇΓöÇΓöÇΓöÇΓöÇΓöÇΓöÇ

    Error: [2mexpect([22m[31mlocator[39m[2m).[22mtoBeVisible[2m([22m[2m)[22m failed

    Locator: getByText('ARCHIVE OVERVIEW')
    Expected: visible
    Timeout: 5000ms
    Error: element(s) not found

    Call log:
    [2m  - Expect "toBeVisible" with timeout 5000ms[22m
    [2m  - waiting for getByText('ARCHIVE OVERVIEW')[22m


       5 |   await expect(page).toHaveTitle(/Loreweaver/);
       6 |   // Dashboard now shows world name as main heading
    >  7 |   await expect(page.getByText('ARCHIVE OVERVIEW')).toBeVisible();
         |                                                    ^
       8 |   await expect(page.getByText('Wasteland Ruins').first()).toBeVisible();
       9 | });
      10 |
        at C:\Users\Sean\Documents\loreweaver\apps\web\e2e\smoke.spec.ts:7:52

    attachment #1: screenshot (image/png) ΓöÇΓöÇΓöÇΓöÇΓöÇΓöÇΓöÇΓöÇΓöÇΓöÇΓöÇΓöÇΓöÇΓöÇΓöÇΓöÇΓöÇΓöÇΓöÇΓöÇΓöÇΓöÇΓöÇΓöÇΓöÇΓöÇΓöÇΓöÇΓöÇΓöÇΓöÇΓöÇΓöÇΓöÇΓöÇΓöÇΓöÇΓöÇΓöÇΓöÇΓöÇΓöÇΓöÇΓöÇΓöÇΓöÇΓöÇΓöÇΓöÇΓöÇΓöÇΓöÇΓöÇΓöÇΓöÇΓöÇΓöÇΓöÇ
    test-results\smoke-app-loads-and-shows-dashboard-with-seeded-world-webkit\test-failed-1.png
    ΓöÇΓöÇΓöÇΓöÇΓöÇΓöÇΓöÇΓöÇΓöÇΓöÇΓöÇΓöÇΓöÇΓöÇΓöÇΓöÇΓöÇΓöÇΓöÇΓöÇΓöÇΓöÇΓöÇΓöÇΓöÇΓöÇΓöÇΓöÇΓöÇΓöÇΓöÇΓöÇΓöÇΓöÇΓöÇΓöÇΓöÇΓöÇΓöÇΓöÇΓöÇΓöÇΓöÇΓöÇΓöÇΓöÇΓöÇΓöÇΓöÇΓöÇΓöÇΓöÇΓöÇΓöÇΓöÇΓöÇΓöÇΓöÇΓöÇΓöÇΓöÇΓöÇΓöÇΓöÇΓöÇΓöÇΓöÇΓöÇΓöÇΓöÇΓöÇΓöÇΓöÇΓöÇΓöÇΓöÇΓöÇΓöÇΓöÇΓöÇΓöÇΓöÇΓöÇΓöÇΓöÇΓöÇΓöÇΓöÇΓöÇΓöÇΓöÇΓöÇΓöÇΓöÇΓöÇΓöÇ

    Error Context: test-results\smoke-app-loads-and-shows-dashboard-with-seeded-world-webkit\error-context.md

  27) [webkit] ΓÇ║ e2e\smoke.spec.ts:20:1 ΓÇ║ dashboard displays stat cards ΓöÇΓöÇΓöÇΓöÇΓöÇΓöÇΓöÇΓöÇΓöÇΓöÇΓöÇΓöÇΓöÇΓöÇΓöÇΓöÇΓöÇΓöÇΓöÇΓöÇΓöÇΓöÇΓöÇΓöÇΓöÇΓöÇΓöÇΓöÇ

    Error: [2mexpect([22m[31mlocator[39m[2m).[22mtoBeVisible[2m([22m[2m)[22m failed

    Locator: getByText('Lore Entries').first()
    Expected: visible
    Timeout: 5000ms
    Error: element(s) not found

    Call log:
    [2m  - Expect "toBeVisible" with timeout 5000ms[22m
    [2m  - waiting for getByText('Lore Entries').first()[22m


      22 |   // Verify the 4 chronicle tile labels exist (use first() to avoid sidebar conflicts)
      23 |   await expect(page.getByText('Characters').first()).toBeVisible();
    > 24 |   await expect(page.getByText('Lore Entries').first()).toBeVisible();
         |                                                        ^
      25 |   await expect(page.getByText('Timeline Events').first()).toBeVisible();
      26 | });
      27 |
        at C:\Users\Sean\Documents\loreweaver\apps\web\e2e\smoke.spec.ts:24:56

    attachment #1: screenshot (image/png) ΓöÇΓöÇΓöÇΓöÇΓöÇΓöÇΓöÇΓöÇΓöÇΓöÇΓöÇΓöÇΓöÇΓöÇΓöÇΓöÇΓöÇΓöÇΓöÇΓöÇΓöÇΓöÇΓöÇΓöÇΓöÇΓöÇΓöÇΓöÇΓöÇΓöÇΓöÇΓöÇΓöÇΓöÇΓöÇΓöÇΓöÇΓöÇΓöÇΓöÇΓöÇΓöÇΓöÇΓöÇΓöÇΓöÇΓöÇΓöÇΓöÇΓöÇΓöÇΓöÇΓöÇΓöÇΓöÇΓöÇΓöÇΓöÇ
    test-results\smoke-dashboard-displays-stat-cards-webkit\test-failed-1.png
    ΓöÇΓöÇΓöÇΓöÇΓöÇΓöÇΓöÇΓöÇΓöÇΓöÇΓöÇΓöÇΓöÇΓöÇΓöÇΓöÇΓöÇΓöÇΓöÇΓöÇΓöÇΓöÇΓöÇΓöÇΓöÇΓöÇΓöÇΓöÇΓöÇΓöÇΓöÇΓöÇΓöÇΓöÇΓöÇΓöÇΓöÇΓöÇΓöÇΓöÇΓöÇΓöÇΓöÇΓöÇΓöÇΓöÇΓöÇΓöÇΓöÇΓöÇΓöÇΓöÇΓöÇΓöÇΓöÇΓöÇΓöÇΓöÇΓöÇΓöÇΓöÇΓöÇΓöÇΓöÇΓöÇΓöÇΓöÇΓöÇΓöÇΓöÇΓöÇΓöÇΓöÇΓöÇΓöÇΓöÇΓöÇΓöÇΓöÇΓöÇΓöÇΓöÇΓöÇΓöÇΓöÇΓöÇΓöÇΓöÇΓöÇΓöÇΓöÇΓöÇΓöÇΓöÇΓöÇΓöÇ

    Error Context: test-results\smoke-dashboard-displays-stat-cards-webkit\error-context.md

  28) [webkit] ΓÇ║ e2e\smoke.spec.ts:49:1 ΓÇ║ chat page shows world and character selectors ΓöÇΓöÇΓöÇΓöÇΓöÇΓöÇΓöÇΓöÇΓöÇΓöÇΓöÇΓöÇ

    Error: [2mexpect([22m[31mlocator[39m[2m).[22mtoBeVisible[2m([22m[2m)[22m failed

    Locator: getByText('DIALOGUE')
    Expected: visible
    Timeout: 5000ms
    Error: element(s) not found

    Call log:
    [2m  - Expect "toBeVisible" with timeout 5000ms[22m
    [2m  - waiting for getByText('DIALOGUE')[22m


      49 | test('chat page shows world and character selectors', async ({ page }) => {
      50 |   await page.goto('/chat');
    > 51 |   await expect(page.getByText('DIALOGUE')).toBeVisible();
         |                                            ^
      52 |   // World selector is always visible; character selector appears after world selection
      53 |   await expect(page.locator('select')).toHaveCount(1);
      54 |   // Wait for options to load, then select the seeded world (id=2)
        at C:\Users\Sean\Documents\loreweaver\apps\web\e2e\smoke.spec.ts:51:44

    attachment #1: screenshot (image/png) ΓöÇΓöÇΓöÇΓöÇΓöÇΓöÇΓöÇΓöÇΓöÇΓöÇΓöÇΓöÇΓöÇΓöÇΓöÇΓöÇΓöÇΓöÇΓöÇΓöÇΓöÇΓöÇΓöÇΓöÇΓöÇΓöÇΓöÇΓöÇΓöÇΓöÇΓöÇΓöÇΓöÇΓöÇΓöÇΓöÇΓöÇΓöÇΓöÇΓöÇΓöÇΓöÇΓöÇΓöÇΓöÇΓöÇΓöÇΓöÇΓöÇΓöÇΓöÇΓöÇΓöÇΓöÇΓöÇΓöÇΓöÇΓöÇ
    test-results\smoke-chat-page-shows-world-and-character-selectors-webkit\test-failed-1.png
    ΓöÇΓöÇΓöÇΓöÇΓöÇΓöÇΓöÇΓöÇΓöÇΓöÇΓöÇΓöÇΓöÇΓöÇΓöÇΓöÇΓöÇΓöÇΓöÇΓöÇΓöÇΓöÇΓöÇΓöÇΓöÇΓöÇΓöÇΓöÇΓöÇΓöÇΓöÇΓöÇΓöÇΓöÇΓöÇΓöÇΓöÇΓöÇΓöÇΓöÇΓöÇΓöÇΓöÇΓöÇΓöÇΓöÇΓöÇΓöÇΓöÇΓöÇΓöÇΓöÇΓöÇΓöÇΓöÇΓöÇΓöÇΓöÇΓöÇΓöÇΓöÇΓöÇΓöÇΓöÇΓöÇΓöÇΓöÇΓöÇΓöÇΓöÇΓöÇΓöÇΓöÇΓöÇΓöÇΓöÇΓöÇΓöÇΓöÇΓöÇΓöÇΓöÇΓöÇΓöÇΓöÇΓöÇΓöÇΓöÇΓöÇΓöÇΓöÇΓöÇΓöÇΓöÇΓöÇΓöÇ

    Error Context: test-results\smoke-chat-page-shows-world-and-character-selectors-webkit\error-context.md

  29) [webkit] ΓÇ║ e2e\smoke.spec.ts:60:1 ΓÇ║ lore page shows entries or empty state ΓöÇΓöÇΓöÇΓöÇΓöÇΓöÇΓöÇΓöÇΓöÇΓöÇΓöÇΓöÇΓöÇΓöÇΓöÇΓöÇΓöÇΓöÇΓöÇ

    Error: [2mexpect([22m[31mlocator[39m[2m).[22mtoBeVisible[2m([22m[2m)[22m failed

    Locator: getByText('CODEX')
    Expected: visible
    Timeout: 5000ms
    Error: element(s) not found

    Call log:
    [2m  - Expect "toBeVisible" with timeout 5000ms[22m
    [2m  - waiting for getByText('CODEX')[22m


      60 | test('lore page shows entries or empty state', async ({ page }) => {
      61 |   await page.goto('/lore');
    > 62 |   await expect(page.getByText('CODEX')).toBeVisible();
         |                                         ^
      63 |   const noEntries = await page.getByText('The codex is empty').count();
      64 |   if (noEntries > 0) {
      65 |     await expect(page.getByText('The codex is empty')).toBeVisible();
        at C:\Users\Sean\Documents\loreweaver\apps\web\e2e\smoke.spec.ts:62:41

    attachment #1: screenshot (image/png) ΓöÇΓöÇΓöÇΓöÇΓöÇΓöÇΓöÇΓöÇΓöÇΓöÇΓöÇΓöÇΓöÇΓöÇΓöÇΓöÇΓöÇΓöÇΓöÇΓöÇΓöÇΓöÇΓöÇΓöÇΓöÇΓöÇΓöÇΓöÇΓöÇΓöÇΓöÇΓöÇΓöÇΓöÇΓöÇΓöÇΓöÇΓöÇΓöÇΓöÇΓöÇΓöÇΓöÇΓöÇΓöÇΓöÇΓöÇΓöÇΓöÇΓöÇΓöÇΓöÇΓöÇΓöÇΓöÇΓöÇΓöÇΓöÇ
    test-results\smoke-lore-page-shows-entries-or-empty-state-webkit\test-failed-1.png
    ΓöÇΓöÇΓöÇΓöÇΓöÇΓöÇΓöÇΓöÇΓöÇΓöÇΓöÇΓöÇΓöÇΓöÇΓöÇΓöÇΓöÇΓöÇΓöÇΓöÇΓöÇΓöÇΓöÇΓöÇΓöÇΓöÇΓöÇΓöÇΓöÇΓöÇΓöÇΓöÇΓöÇΓöÇΓöÇΓöÇΓöÇΓöÇΓöÇΓöÇΓöÇΓöÇΓöÇΓöÇΓöÇΓöÇΓöÇΓöÇΓöÇΓöÇΓöÇΓöÇΓöÇΓöÇΓöÇΓöÇΓöÇΓöÇΓöÇΓöÇΓöÇΓöÇΓöÇΓöÇΓöÇΓöÇΓöÇΓöÇΓöÇΓöÇΓöÇΓöÇΓöÇΓöÇΓöÇΓöÇΓöÇΓöÇΓöÇΓöÇΓöÇΓöÇΓöÇΓöÇΓöÇΓöÇΓöÇΓöÇΓöÇΓöÇΓöÇΓöÇΓöÇΓöÇΓöÇΓöÇ

    Error Context: test-results\smoke-lore-page-shows-entries-or-empty-state-webkit\error-context.md

  30) [webkit] ΓÇ║ e2e\smoke.spec.ts:69:1 ΓÇ║ chat message list is independently scrollable ΓöÇΓöÇΓöÇΓöÇΓöÇΓöÇΓöÇΓöÇΓöÇΓöÇΓöÇΓöÇ

    Error: [2mexpect([22m[31mlocator[39m[2m).[22mtoBeVisible[2m([22m[2m)[22m failed

    Locator: getByText('DIALOGUE')
    Expected: visible
    Timeout: 5000ms
    Error: element(s) not found

    Call log:
    [2m  - Expect "toBeVisible" with timeout 5000ms[22m
    [2m  - waiting for getByText('DIALOGUE')[22m


      70 |   // Navigate directly to a character that already has chat history
      71 |   await page.goto('/chat?worldId=2&characterId=3');
    > 72 |   await expect(page.getByText('DIALOGUE')).toBeVisible();
         |                                            ^
      73 |   await expect(page.getByRole('heading', { name: 'Ryder' })).toBeVisible();
      74 |
      75 |   // The message list is the first flex-1 + min-h-0 + overflow-y-auto div inside the chat card
        at C:\Users\Sean\Documents\loreweaver\apps\web\e2e\smoke.spec.ts:72:44

    attachment #1: screenshot (image/png) ΓöÇΓöÇΓöÇΓöÇΓöÇΓöÇΓöÇΓöÇΓöÇΓöÇΓöÇΓöÇΓöÇΓöÇΓöÇΓöÇΓöÇΓöÇΓöÇΓöÇΓöÇΓöÇΓöÇΓöÇΓöÇΓöÇΓöÇΓöÇΓöÇΓöÇΓöÇΓöÇΓöÇΓöÇΓöÇΓöÇΓöÇΓöÇΓöÇΓöÇΓöÇΓöÇΓöÇΓöÇΓöÇΓöÇΓöÇΓöÇΓöÇΓöÇΓöÇΓöÇΓöÇΓöÇΓöÇΓöÇΓöÇΓöÇ
    test-results\smoke-chat-message-list-is-independently-scrollable-webkit\test-failed-1.png
    ΓöÇΓöÇΓöÇΓöÇΓöÇΓöÇΓöÇΓöÇΓöÇΓöÇΓöÇΓöÇΓöÇΓöÇΓöÇΓöÇΓöÇΓöÇΓöÇΓöÇΓöÇΓöÇΓöÇΓöÇΓöÇΓöÇΓöÇΓöÇΓöÇΓöÇΓöÇΓöÇΓöÇΓöÇΓöÇΓöÇΓöÇΓöÇΓöÇΓöÇΓöÇΓöÇΓöÇΓöÇΓöÇΓöÇΓöÇΓöÇΓöÇΓöÇΓöÇΓöÇΓöÇΓöÇΓöÇΓöÇΓöÇΓöÇΓöÇΓöÇΓöÇΓöÇΓöÇΓöÇΓöÇΓöÇΓöÇΓöÇΓöÇΓöÇΓöÇΓöÇΓöÇΓöÇΓöÇΓöÇΓöÇΓöÇΓöÇΓöÇΓöÇΓöÇΓöÇΓöÇΓöÇΓöÇΓöÇΓöÇΓöÇΓöÇΓöÇΓöÇΓöÇΓöÇΓöÇΓöÇ

    Error Context: test-results\smoke-chat-message-list-is-independently-scrollable-webkit\error-context.md

  30 failed
    [chromium] ΓÇ║ e2e\smoke.spec.ts:3:1 ΓÇ║ app loads and shows dashboard with seeded world ΓöÇΓöÇΓöÇΓöÇΓöÇΓöÇΓöÇΓöÇΓöÇΓöÇΓöÇ
    [chromium] ΓÇ║ e2e\smoke.spec.ts:20:1 ΓÇ║ dashboard displays stat cards ΓöÇΓöÇΓöÇΓöÇΓöÇΓöÇΓöÇΓöÇΓöÇΓöÇΓöÇΓöÇΓöÇΓöÇΓöÇΓöÇΓöÇΓöÇΓöÇΓöÇΓöÇΓöÇΓöÇΓöÇΓöÇΓöÇΓöÇΓöÇ
    [chromium] ΓÇ║ e2e\smoke.spec.ts:49:1 ΓÇ║ chat page shows world and character selectors ΓöÇΓöÇΓöÇΓöÇΓöÇΓöÇΓöÇΓöÇΓöÇΓöÇΓöÇΓöÇ
    [chromium] ΓÇ║ e2e\smoke.spec.ts:60:1 ΓÇ║ lore page shows entries or empty state ΓöÇΓöÇΓöÇΓöÇΓöÇΓöÇΓöÇΓöÇΓöÇΓöÇΓöÇΓöÇΓöÇΓöÇΓöÇΓöÇΓöÇΓöÇΓöÇ
    [chromium] ΓÇ║ e2e\smoke.spec.ts:69:1 ΓÇ║ chat message list is independently scrollable ΓöÇΓöÇΓöÇΓöÇΓöÇΓöÇΓöÇΓöÇΓöÇΓöÇΓöÇΓöÇ
    [chromium] ΓÇ║ e2e\smoke.spec.ts:3:1 ΓÇ║ app loads and shows dashboard with seeded world ΓöÇΓöÇΓöÇΓöÇΓöÇΓöÇΓöÇΓöÇΓöÇΓöÇΓöÇ
    [chromium] ΓÇ║ e2e\smoke.spec.ts:20:1 ΓÇ║ dashboard displays stat cards ΓöÇΓöÇΓöÇΓöÇΓöÇΓöÇΓöÇΓöÇΓöÇΓöÇΓöÇΓöÇΓöÇΓöÇΓöÇΓöÇΓöÇΓöÇΓöÇΓöÇΓöÇΓöÇΓöÇΓöÇΓöÇΓöÇΓöÇΓöÇ
    [chromium] ΓÇ║ e2e\smoke.spec.ts:49:1 ΓÇ║ chat page shows world and character selectors ΓöÇΓöÇΓöÇΓöÇΓöÇΓöÇΓöÇΓöÇΓöÇΓöÇΓöÇΓöÇ
    [chromium] ΓÇ║ e2e\smoke.spec.ts:60:1 ΓÇ║ lore page shows entries or empty state ΓöÇΓöÇΓöÇΓöÇΓöÇΓöÇΓöÇΓöÇΓöÇΓöÇΓöÇΓöÇΓöÇΓöÇΓöÇΓöÇΓöÇΓöÇΓöÇ
    [chromium] ΓÇ║ e2e\smoke.spec.ts:69:1 ΓÇ║ chat message list is independently scrollable ΓöÇΓöÇΓöÇΓöÇΓöÇΓöÇΓöÇΓöÇΓöÇΓöÇΓöÇΓöÇ
    [firefox] ΓÇ║ e2e\smoke.spec.ts:3:1 ΓÇ║ app loads and shows dashboard with seeded world ΓöÇΓöÇΓöÇΓöÇΓöÇΓöÇΓöÇΓöÇΓöÇΓöÇΓöÇΓöÇ
    [firefox] ΓÇ║ e2e\smoke.spec.ts:20:1 ΓÇ║ dashboard displays stat cards ΓöÇΓöÇΓöÇΓöÇΓöÇΓöÇΓöÇΓöÇΓöÇΓöÇΓöÇΓöÇΓöÇΓöÇΓöÇΓöÇΓöÇΓöÇΓöÇΓöÇΓöÇΓöÇΓöÇΓöÇΓöÇΓöÇΓöÇΓöÇΓöÇ
    [firefox] ΓÇ║ e2e\smoke.spec.ts:49:1 ΓÇ║ chat page shows world and character selectors ΓöÇΓöÇΓöÇΓöÇΓöÇΓöÇΓöÇΓöÇΓöÇΓöÇΓöÇΓöÇΓöÇ
    [firefox] ΓÇ║ e2e\smoke.spec.ts:60:1 ΓÇ║ lore page shows entries or empty state ΓöÇΓöÇΓöÇΓöÇΓöÇΓöÇΓöÇΓöÇΓöÇΓöÇΓöÇΓöÇΓöÇΓöÇΓöÇΓöÇΓöÇΓöÇΓöÇΓöÇ
    [firefox] ΓÇ║ e2e\smoke.spec.ts:69:1 ΓÇ║ chat message list is independently scrollable ΓöÇΓöÇΓöÇΓöÇΓöÇΓöÇΓöÇΓöÇΓöÇΓöÇΓöÇΓöÇΓöÇ
    [firefox] ΓÇ║ e2e\smoke.spec.ts:3:1 ΓÇ║ app loads and shows dashboard with seeded world ΓöÇΓöÇΓöÇΓöÇΓöÇΓöÇΓöÇΓöÇΓöÇΓöÇΓöÇΓöÇ
    [firefox] ΓÇ║ e2e\smoke.spec.ts:20:1 ΓÇ║ dashboard displays stat cards ΓöÇΓöÇΓöÇΓöÇΓöÇΓöÇΓöÇΓöÇΓöÇΓöÇΓöÇΓöÇΓöÇΓöÇΓöÇΓöÇΓöÇΓöÇΓöÇΓöÇΓöÇΓöÇΓöÇΓöÇΓöÇΓöÇΓöÇΓöÇΓöÇ
    [firefox] ΓÇ║ e2e\smoke.spec.ts:49:1 ΓÇ║ chat page shows world and character selectors ΓöÇΓöÇΓöÇΓöÇΓöÇΓöÇΓöÇΓöÇΓöÇΓöÇΓöÇΓöÇΓöÇ
    [firefox] ΓÇ║ e2e\smoke.spec.ts:60:1 ΓÇ║ lore page shows entries or empty state ΓöÇΓöÇΓöÇΓöÇΓöÇΓöÇΓöÇΓöÇΓöÇΓöÇΓöÇΓöÇΓöÇΓöÇΓöÇΓöÇΓöÇΓöÇΓöÇΓöÇ
    [firefox] ΓÇ║ e2e\smoke.spec.ts:69:1 ΓÇ║ chat message list is independently scrollable ΓöÇΓöÇΓöÇΓöÇΓöÇΓöÇΓöÇΓöÇΓöÇΓöÇΓöÇΓöÇΓöÇ
    [webkit] ΓÇ║ e2e\smoke.spec.ts:3:1 ΓÇ║ app loads and shows dashboard with seeded world ΓöÇΓöÇΓöÇΓöÇΓöÇΓöÇΓöÇΓöÇΓöÇΓöÇΓöÇΓöÇΓöÇ
    [webkit] ΓÇ║ e2e\smoke.spec.ts:20:1 ΓÇ║ dashboard displays stat cards ΓöÇΓöÇΓöÇΓöÇΓöÇΓöÇΓöÇΓöÇΓöÇΓöÇΓöÇΓöÇΓöÇΓöÇΓöÇΓöÇΓöÇΓöÇΓöÇΓöÇΓöÇΓöÇΓöÇΓöÇΓöÇΓöÇΓöÇΓöÇΓöÇΓöÇ
    [webkit] ΓÇ║ e2e\smoke.spec.ts:49:1 ΓÇ║ chat page shows world and character selectors ΓöÇΓöÇΓöÇΓöÇΓöÇΓöÇΓöÇΓöÇΓöÇΓöÇΓöÇΓöÇΓöÇΓöÇ
    [webkit] ΓÇ║ e2e\smoke.spec.ts:60:1 ΓÇ║ lore page shows entries or empty state ΓöÇΓöÇΓöÇΓöÇΓöÇΓöÇΓöÇΓöÇΓöÇΓöÇΓöÇΓöÇΓöÇΓöÇΓöÇΓöÇΓöÇΓöÇΓöÇΓöÇΓöÇ
    [webkit] ΓÇ║ e2e\smoke.spec.ts:69:1 ΓÇ║ chat message list is independently scrollable ΓöÇΓöÇΓöÇΓöÇΓöÇΓöÇΓöÇΓöÇΓöÇΓöÇΓöÇΓöÇΓöÇΓöÇ
    [webkit] ΓÇ║ e2e\smoke.spec.ts:3:1 ΓÇ║ app loads and shows dashboard with seeded world ΓöÇΓöÇΓöÇΓöÇΓöÇΓöÇΓöÇΓöÇΓöÇΓöÇΓöÇΓöÇΓöÇ
    [webkit] ΓÇ║ e2e\smoke.spec.ts:20:1 ΓÇ║ dashboard displays stat cards ΓöÇΓöÇΓöÇΓöÇΓöÇΓöÇΓöÇΓöÇΓöÇΓöÇΓöÇΓöÇΓöÇΓöÇΓöÇΓöÇΓöÇΓöÇΓöÇΓöÇΓöÇΓöÇΓöÇΓöÇΓöÇΓöÇΓöÇΓöÇΓöÇΓöÇ
    [webkit] ΓÇ║ e2e\smoke.spec.ts:49:1 ΓÇ║ chat page shows world and character selectors ΓöÇΓöÇΓöÇΓöÇΓöÇΓöÇΓöÇΓöÇΓöÇΓöÇΓöÇΓöÇΓöÇΓöÇ
    [webkit] ΓÇ║ e2e\smoke.spec.ts:60:1 ΓÇ║ lore page shows entries or empty state ΓöÇΓöÇΓöÇΓöÇΓöÇΓöÇΓöÇΓöÇΓöÇΓöÇΓöÇΓöÇΓöÇΓöÇΓöÇΓöÇΓöÇΓöÇΓöÇΓöÇΓöÇ
    [webkit] ΓÇ║ e2e\smoke.spec.ts:69:1 ΓÇ║ chat message list is independently scrollable ΓöÇΓöÇΓöÇΓöÇΓöÇΓöÇΓöÇΓöÇΓöÇΓöÇΓöÇΓöÇΓöÇΓöÇ
  12 passed (30.7s)
npm error Lifecycle script `test:e2e` failed with error:
npm error code 1
npm error path C:\Users\Sean\Documents\loreweaver\apps\web
npm error workspace @loreweaver/web@0.1.0
npm error location C:\Users\Sean\Documents\loreweaver\apps\web
npm error command failed
npm error command C:\WINDOWS\system32\cmd.exe /d /s /c playwright test
